Archive member included to satisfy reference by file (symbol)

C:/ST/STM32CubeIDE_1.10.0/STM32CubeIDE/plugins/com.st.stm32cube.ide.mcu.externaltools.gnu-tools-for-stm32.12.3.rel1.win32_1.0.100.202403111256/tools/bin/../lib/gcc/arm-none-eabi/12.3.1/../../../../arm-none-eabi/lib/thumb/v7e-m+fp/hard\libc_nano.a(libc_a-assert.o)
                              ./Core/Src/lfs.o (__assert_func)
C:/ST/STM32CubeIDE_1.10.0/STM32CubeIDE/plugins/com.st.stm32cube.ide.mcu.externaltools.gnu-tools-for-stm32.12.3.rel1.win32_1.0.100.202403111256/tools/bin/../lib/gcc/arm-none-eabi/12.3.1/../../../../arm-none-eabi/lib/thumb/v7e-m+fp/hard\libc_nano.a(libc_a-atoi.o)
                              ./Core/Src/Functions.o (atoi)
C:/ST/STM32CubeIDE_1.10.0/STM32CubeIDE/plugins/com.st.stm32cube.ide.mcu.externaltools.gnu-tools-for-stm32.12.3.rel1.win32_1.0.100.202403111256/tools/bin/../lib/gcc/arm-none-eabi/12.3.1/../../../../arm-none-eabi/lib/thumb/v7e-m+fp/hard\libc_nano.a(libc_a-exit.o)
                              C:/ST/STM32CubeIDE_1.10.0/STM32CubeIDE/plugins/com.st.stm32cube.ide.mcu.externaltools.gnu-tools-for-stm32.12.3.rel1.win32_1.0.100.202403111256/tools/bin/../lib/gcc/arm-none-eabi/12.3.1/../../../../arm-none-eabi/lib/thumb/v7e-m+fp/hard/crt0.o (exit)
C:/ST/STM32CubeIDE_1.10.0/STM32CubeIDE/plugins/com.st.stm32cube.ide.mcu.externaltools.gnu-tools-for-stm32.12.3.rel1.win32_1.0.100.202403111256/tools/bin/../lib/gcc/arm-none-eabi/12.3.1/../../../../arm-none-eabi/lib/thumb/v7e-m+fp/hard\libc_nano.a(libc_a-malloc.o)
                              ./Core/Src/Functions.o (malloc)
C:/ST/STM32CubeIDE_1.10.0/STM32CubeIDE/plugins/com.st.stm32cube.ide.mcu.externaltools.gnu-tools-for-stm32.12.3.rel1.win32_1.0.100.202403111256/tools/bin/../lib/gcc/arm-none-eabi/12.3.1/../../../../arm-none-eabi/lib/thumb/v7e-m+fp/hard\libc_nano.a(libc_a-mallocr.o)
                              C:/ST/STM32CubeIDE_1.10.0/STM32CubeIDE/plugins/com.st.stm32cube.ide.mcu.externaltools.gnu-tools-for-stm32.12.3.rel1.win32_1.0.100.202403111256/tools/bin/../lib/gcc/arm-none-eabi/12.3.1/../../../../arm-none-eabi/lib/thumb/v7e-m+fp/hard\libc_nano.a(libc_a-malloc.o) (_malloc_r)
C:/ST/STM32CubeIDE_1.10.0/STM32CubeIDE/plugins/com.st.stm32cube.ide.mcu.externaltools.gnu-tools-for-stm32.12.3.rel1.win32_1.0.100.202403111256/tools/bin/../lib/gcc/arm-none-eabi/12.3.1/../../../../arm-none-eabi/lib/thumb/v7e-m+fp/hard\libc_nano.a(libc_a-mlock.o)
                              C:/ST/STM32CubeIDE_1.10.0/STM32CubeIDE/plugins/com.st.stm32cube.ide.mcu.externaltools.gnu-tools-for-stm32.12.3.rel1.win32_1.0.100.202403111256/tools/bin/../lib/gcc/arm-none-eabi/12.3.1/../../../../arm-none-eabi/lib/thumb/v7e-m+fp/hard\libc_nano.a(libc_a-mallocr.o) (__malloc_lock)
C:/ST/STM32CubeIDE_1.10.0/STM32CubeIDE/plugins/com.st.stm32cube.ide.mcu.externaltools.gnu-tools-for-stm32.12.3.rel1.win32_1.0.100.202403111256/tools/bin/../lib/gcc/arm-none-eabi/12.3.1/../../../../arm-none-eabi/lib/thumb/v7e-m+fp/hard\libc_nano.a(libc_a-strtol.o)
                              C:/ST/STM32CubeIDE_1.10.0/STM32CubeIDE/plugins/com.st.stm32cube.ide.mcu.externaltools.gnu-tools-for-stm32.12.3.rel1.win32_1.0.100.202403111256/tools/bin/../lib/gcc/arm-none-eabi/12.3.1/../../../../arm-none-eabi/lib/thumb/v7e-m+fp/hard\libc_nano.a(libc_a-atoi.o) (_strtol_r)
C:/ST/STM32CubeIDE_1.10.0/STM32CubeIDE/plugins/com.st.stm32cube.ide.mcu.externaltools.gnu-tools-for-stm32.12.3.rel1.win32_1.0.100.202403111256/tools/bin/../lib/gcc/arm-none-eabi/12.3.1/../../../../arm-none-eabi/lib/thumb/v7e-m+fp/hard\libc_nano.a(libc_a-ctype_.o)
                              C:/ST/STM32CubeIDE_1.10.0/STM32CubeIDE/plugins/com.st.stm32cube.ide.mcu.externaltools.gnu-tools-for-stm32.12.3.rel1.win32_1.0.100.202403111256/tools/bin/../lib/gcc/arm-none-eabi/12.3.1/../../../../arm-none-eabi/lib/thumb/v7e-m+fp/hard\libc_nano.a(libc_a-strtol.o) (_ctype_)
C:/ST/STM32CubeIDE_1.10.0/STM32CubeIDE/plugins/com.st.stm32cube.ide.mcu.externaltools.gnu-tools-for-stm32.12.3.rel1.win32_1.0.100.202403111256/tools/bin/../lib/gcc/arm-none-eabi/12.3.1/../../../../arm-none-eabi/lib/thumb/v7e-m+fp/hard\libc_nano.a(libc_a-findfp.o)
                              C:/ST/STM32CubeIDE_1.10.0/STM32CubeIDE/plugins/com.st.stm32cube.ide.mcu.externaltools.gnu-tools-for-stm32.12.3.rel1.win32_1.0.100.202403111256/tools/bin/../lib/gcc/arm-none-eabi/12.3.1/../../../../arm-none-eabi/lib/thumb/v7e-m+fp/hard\libc_nano.a(libc_a-exit.o) (__stdio_exit_handler)
C:/ST/STM32CubeIDE_1.10.0/STM32CubeIDE/plugins/com.st.stm32cube.ide.mcu.externaltools.gnu-tools-for-stm32.12.3.rel1.win32_1.0.100.202403111256/tools/bin/../lib/gcc/arm-none-eabi/12.3.1/../../../../arm-none-eabi/lib/thumb/v7e-m+fp/hard\libc_nano.a(libc_a-fprintf.o)
[...]
Memory Configuration

Name             Origin             Length             Attributes
CCMRAM           0x10000000         0x00010000         xrw
RAM              0x20000000         0x00030000         xrw
FLASH            0x08000000         0x00200000         xr
*default*        0x00000000         0xffffffff

Linker script and memory map

LOAD C:/ST/STM32CubeIDE_1.10.0/STM32CubeIDE/plugins/com.st.stm32cube.ide.mcu.externaltools.gnu-tools-for-stm32.12.3.rel1.win32_1.0.100.202403111256/tools/bin/../lib/gcc/arm-none-eabi/12.3.1/thumb/v7e-m+fp/hard/crti.o
LOAD C:/ST/STM32CubeIDE_1.10.0/STM32CubeIDE/plugins/com.st.stm32cube.ide.mcu.externaltools.gnu-tools-for-stm32.12.3.rel1.win32_1.0.100.202403111256/tools/bin/../lib/gcc/arm-none-eabi/12.3.1/thumb/v7e-m+fp/hard/crtbegin.o
LOAD C:/ST/STM32CubeIDE_1.10.0/STM32CubeIDE/plugins/com.st.stm32cube.ide.mcu.externaltools.gnu-tools-for-stm32.12.3.rel1.win32_1.0.100.202403111256/tools/bin/../lib/gcc/arm-none-eabi/12.3.1/../../../../arm-none-eabi/lib/thumb/v7e-m+fp/hard/crt0.o
LOAD ./Core/Src/Functions.o
LOAD ./Core/Src/lfs.o
LOAD ./Core/Src/lfs_util.o
LOAD ./Core/Src/littlefs_driver.o
LOAD ./Core/Src/main.o
LOAD ./Core/Src/main_original.o
LOAD ./Core/Src/nor.o
LOAD ./Core/Src/nor_ids.o
LOAD ./Core/Src/stm32f4xx_hal_msp.o
LOAD ./Core/Src/stm32f4xx_it.o
LOAD ./Core/Src/syscalls.o
LOAD ./Core/Src/sysmem.o
LOAD ./Core/Src/system_stm32f4xx.o
LOAD ./Core/Src/variables.o
LOAD ./Core/Startup/startup_stm32f427vitx.o
LOAD ./Drivers/STM32F4xx_HAL_Driver/Src/stm32f4xx_hal.o
LOAD ./Drivers/STM32F4xx_HAL_Driver/Src/stm32f4xx_hal_cortex.o
LOAD ./Drivers/STM32F4xx_HAL_Driver/Src/stm32f4xx_hal_dma.o
LOAD ./Drivers/STM32F4xx_HAL_Driver/Src/stm32f4xx_hal_dma_ex.o
LOAD ./Drivers/STM32F4xx_HAL_Driver/Src/stm32f4xx_hal_exti.o
LOAD ./Drivers/STM32F4xx_HAL_Driver/Src/stm32f4xx_hal_flash.o
LOAD ./Drivers/STM32F4xx_HAL_Driver/Src/stm32f4xx_hal_flash_ex.o
LOAD ./Drivers/STM32F4xx_HAL_Driver/Src/stm32f4xx_hal_flash_ramfunc.o
LOAD ./Drivers/STM32F4xx_HAL_Driver/Src/stm32f4xx_hal_gpio.o
LOAD ./Drivers/STM32F4xx_HAL_Driver/Src/stm32f4xx_hal_pwr.o
LOAD ./Drivers/STM32F4xx_HAL_Driver/Src/stm32f4xx_hal_pwr_ex.o
LOAD ./Drivers/STM32F4xx_HAL_Driver/Src/stm32f4xx_hal_rcc.o
LOAD ./Drivers/STM32F4xx_HAL_Driver/Src/stm32f4xx_hal_rcc_ex.o
LOAD ./Drivers/STM32F4xx_HAL_Driver/Src/stm32f4xx_hal_spi.o
LOAD ./Drivers/STM32F4xx_HAL_Driver/Src/stm32f4xx_hal_tim.o
LOAD ./Drivers/STM32F4xx_HAL_Driver/Src/stm32f4xx_hal_tim_ex.o
LOAD ./Drivers/STM32F4xx_HAL_Driver/Src/stm32f4xx_hal_uart.o
START GROUP
LOAD C:/ST/STM32CubeIDE_1.10.0/STM32CubeIDE/plugins/com.st.stm32cube.ide.mcu.externaltools.gnu-tools-for-stm32.12.3.rel1.win32_1.0.100.202403111256/tools/bin/../lib/gcc/arm-none-eabi/12.3.1/../../../../arm-none-eabi/lib/thumb/v7e-m+fp/hard\libc_nano.a
LOAD C:/ST/STM32CubeIDE_1.10.0/STM32CubeIDE/plugins/com.st.stm32cube.ide.mcu.externaltools.gnu-tools-for-stm32.12.3.rel1.win32_1.0.100.202403111256/tools/bin/../lib/gcc/arm-none-eabi/12.3.1/../../../../arm-none-eabi/lib/thumb/v7e-m+fp/hard\libm.a
END GROUP
START GROUP
LOAD C:/ST/STM32CubeIDE_1.10.0/STM32CubeIDE/plugins/com.st.stm32cube.ide.mcu.externaltools.gnu-tools-for-stm32.12.3.rel1.win32_1.0.100.202403111256/tools/bin/../lib/gcc/arm-none-eabi/12.3.1/thumb/v7e-m+fp/hard\libgcc.a
LOAD C:/ST/STM32CubeIDE_1.10.0/STM32CubeIDE/plugins/com.st.stm32cube.ide.mcu.externaltools.gnu-tools-for-stm32.12.3.rel1.win32_1.0.100.202403111256/tools/bin/../lib/gcc/arm-none-eabi/12.3.1/../../../../arm-none-eabi/lib/thumb/v7e-m+fp/hard\libc_nano.a
END GROUP
START GROUP
LOAD C:/ST/STM32CubeIDE_1.10.0/STM32CubeIDE/plugins/com.st.stm32cube.ide.mcu.externaltools.gnu-tools-for-stm32.12.3.rel1.win32_1.0.100.202403111256/tools/bin/../lib/gcc/arm-none-eabi/12.3.1/thumb/v7e-m+fp/hard\libgcc.a
LOAD C:/ST/STM32CubeIDE_1.10.0/STM32CubeIDE/plugins/com.st.stm32cube.ide.mcu.externaltools.gnu-tools-for-stm32.12.3.rel1.win32_1.0.100.202403111256/tools/bin/../lib/gcc/arm-none-eabi/12.3.1/../../../../arm-none-eabi/lib/thumb/v7e-m+fp/hard\libc_nano.a
LOAD C:/ST/STM32CubeIDE_1.10.0/STM32CubeIDE/plugins/com.st.stm32cube.ide.mcu.externaltools.gnu-tools-for-stm32.12.3.rel1.win32_1.0.100.202403111256/tools/bin/../lib/gcc/arm-none-eabi/12.3.1/../../../../arm-none-eabi/lib/thumb/v7e-m+fp/hard\libnosys.a
END GROUP
START GROUP
LOAD C:/ST/STM32CubeIDE_1.10.0/STM32CubeIDE/plugins/com.st.stm32cube.ide.mcu.externaltools.gnu-tools-for-stm32.12.3.rel1.win32_1.0.100.202403111256/tools/bin/../lib/gcc/arm-none-eabi/12.3.1/thumb/v7e-m+fp/hard\libgcc.a
LOAD C:/ST/STM32CubeIDE_1.10.0/STM32CubeIDE/plugins/com.st.stm32cube.ide.mcu.externaltools.gnu-tools-for-stm32.12.3.rel1.win32_1.0.100.202403111256/tools/bin/../lib/gcc/arm-none-eabi/12.3.1/../../../../arm-none-eabi/lib/thumb/v7e-m+fp/hard\libc_nano.a
LOAD C:/ST/STM32CubeIDE_1.10.0/STM32CubeIDE/plugins/com.st.stm32cube.ide.mcu.externaltools.gnu-tools-for-stm32.12.3.rel1.win32_1.0.100.202403111256/tools/bin/../lib/gcc/arm-none-eabi/12.3.1/../../../../arm-none-eabi/lib/thumb/v7e-m+fp/hard\libnosys.a
END GROUP
LOAD C:/ST/STM32CubeIDE_1.10.0/STM32CubeIDE/plugins/com.st.stm32cube.ide.mcu.externaltools.gnu-tools-for-stm32.12.3.rel1.win32_1.0.100.202403111256/tools/bin/../lib/gcc/arm-none-eabi/12.3.1/thumb/v7e-m+fp/hard/crtend.o
LOAD C:/ST/STM32CubeIDE_1.10.0/STM32CubeIDE/plugins/com.st.stm32cube.ide.mcu.externaltools.gnu-tools-for-stm32.12.3.rel1.win32_1.0.100.202403111256/tools/bin/../lib/gcc/arm-none-eabi/12.3.1/thumb/v7e-m+fp/hard/crtn.o
                0x20030000                        _estack = (ORIGIN (RAM) + LENGTH (RAM))
                0x00000200                        _Min_Heap_Size = 0x200
                0x00000400                        _Min_Stack_Size = 0x400

.isr_vector     0x08000000      0x1ac
                0x08000000                        . = ALIGN (0x4)
 *(.isr_vector)
 .isr_vector    0x08000000      0x1ac ./Core/Startup/startup_stm32f427vitx.o
                0x08000000                g_pfnVectors
                0x080001ac                        . = ALIGN (0x4)

.text           0x080001b0     0x4fe8
                0x080001b0                        . = ALIGN (0x4)
 *(.text)
 .text          0x080001b0       0x40 C:/ST/STM32CubeIDE_1.10.0/STM32CubeIDE/plugins/com.st.stm32cube.ide.mcu.externaltools.gnu-tools-for-stm32.12.3.rel1.win32_1.0.100.202403111256/tools/bin/../lib/gcc/arm-none-eabi/12.3.1/thumb/v7e-m+fp/hard/crtbegin.o
 .text          0x080001f0       0xa0 C:/ST/STM32CubeIDE_1.10.0/STM32CubeIDE/plugins/com.st.stm32cube.ide.mcu.externaltools.gnu-tools-for-stm32.12.3.rel1.win32_1.0.100.202403111256/tools/bin/../lib/gcc/arm-none-eabi/12.3.1/../../../../arm-none-eabi/lib/thumb/v7e-m+fp/hard\libc_nano.a(libc_a-memchr.o)
                0x080001f0                memchr
 .text          0x08000290       0x30 C:/ST/STM32CubeIDE_1.10.0/STM32CubeIDE/plugins/com.st.stm32cube.ide.mcu.externaltools.gnu-tools-for-stm32.12.3.rel1.win32_1.0.100.202403111256/tools/bin/../lib/gcc/arm-none-eabi/12.3.1/thumb/v7e-m+fp/hard\libgcc.a(_aeabi_uldivmod.o)
                0x08000290                __aeabi_uldivmod
 .text          0x080002c0      0x2bc C:/ST/STM32CubeIDE_1.10.0/STM32CubeIDE/plugins/com.st.stm32cube.ide.mcu.externaltools.gnu-tools-for-stm32.12.3.rel1.win32_1.0.100.202403111256/tools/bin/../lib/gcc/arm-none-eabi/12.3.1/thumb/v7e-m+fp/hard\libgcc.a(_udivmoddi4.o)
                0x080002c0                __udivmoddi4
 .text          0x0800057c        0x4 C:/ST/STM32CubeIDE_1.10.0/STM32CubeIDE/plugins/com.st.stm32cube.ide.mcu.externaltools.gnu-tools-for-stm32.12.3.rel1.win32_1.0.100.202403111256/tools/bin/../lib/gcc/arm-none-eabi/12.3.1/thumb/v7e-m+fp/hard\libgcc.a(_dvmd_tls.o)
                0x0800057c                __aeabi_idiv0
                0x0800057c                __aeabi_ldiv0
 *(.text*)
 .text.buffersize
                0x08000580       0x2e ./Core/Src/Functions.o
                0x08000580                buffersize
 *fill*         0x080005ae        0x2 
 .text.myprintf
                0x080005b0       0x48 ./Core/Src/Functions.o
                0x080005b0                myprintf
 .text.HAL_UART_RxCpltCallback
                0x080005f8       0x64 ./Core/Src/main.o
                0x080005f8                HAL_UART_RxCpltCallback
 .text.OBC_HANDSHAKE1
                0x0800065c       0xa0 ./Core/Src/main.o
                0x0800065c                OBC_HANDSHAKE1
 .text.IMAGE_CAPTURE1
                0x080006fc      0x158 ./Core/Src/main.o
                0x080006fc                IMAGE_CAPTURE1
 .text.OCP_EN1  0x08000854       0x1c ./Core/Src/main.o
                0x08000854                OCP_EN1
 .text.UART_Flush
                0x08000870       0x1a ./Core/Src/main.o
                0x08000870                UART_Flush
 .text.UART_Flush_DMA
                0x0800088a       0x2e ./Core/Src/main.o
                0x0800088a                UART_Flush_DMA
 .text.main     0x080008b8       0xd0 ./Core/Src/main.o
                0x080008b8                main
 .text.SystemClock_Config
                0x08000988       0xe0 ./Core/Src/main.o
                0x08000988                SystemClock_Config
 .text.MX_SPI2_Init
                0x08000a68       0x6c ./Core/Src/main.o
 .text.MX_UART4_Init
                0x08000ad4       0x54 ./Core/Src/main.o
 .text.MX_UART8_Init
                0x08000b28       0x54 ./Core/Src/main.o
 .text.MX_USART2_UART_Init
                0x08000b7c       0x54 ./Core/Src/main.o
 .text.MX_USART6_UART_Init
                0x08000bd0       0x54 ./Core/Src/main.o
 .text.MX_DMA_Init
                0x08000c24       0x8c ./Core/Src/main.o
 .text.MX_GPIO_Init
                0x08000cb0       0xdc ./Core/Src/main.o
 .text.Error_Handler
                0x08000d8c        0xc ./Core/Src/main.o
                0x08000d8c                Error_Handler
 .text.HAL_MspInit
                0x08000d98       0x50 ./Core/Src/stm32f4xx_hal_msp.o
                0x08000d98                HAL_MspInit
 .text.HAL_SPI_MspInit
                0x08000de8       0xe0 ./Core/Src/stm32f4xx_hal_msp.o
                0x08000de8                HAL_SPI_MspInit
 .text.HAL_UART_MspInit
                0x08000ec8      0x3a8 ./Core/Src/stm32f4xx_hal_msp.o
                0x08000ec8                HAL_UART_MspInit
 .text.NMI_Handler
                0x08001270        0x8 ./Core/Src/stm32f4xx_it.o
                0x08001270                NMI_Handler
 .text.HardFault_Handler
                0x08001278        0x8 ./Core/Src/stm32f4xx_it.o
                0x08001278                HardFault_Handler
 .text.MemManage_Handler
                0x08001280        0x8 ./Core/Src/stm32f4xx_it.o
                0x08001280                MemManage_Handler
 .text.BusFault_Handler
                0x08001288        0x8 ./Core/Src/stm32f4xx_it.o
                0x08001288                BusFault_Handler
 .text.UsageFault_Handler
                0x08001290        0x8 ./Core/Src/stm32f4xx_it.o
                0x08001290                UsageFault_Handler
 .text.SVC_Handler
                0x08001298        0xe ./Core/Src/stm32f4xx_it.o
                0x08001298                SVC_Handler
 .text.DebugMon_Handler
                0x080012a6        0xe ./Core/Src/stm32f4xx_it.o
                0x080012a6                DebugMon_Handler
 .text.PendSV_Handler
                0x080012b4        0xe ./Core/Src/stm32f4xx_it.o
                0x080012b4                PendSV_Handler
 .text.SysTick_Handler
                0x080012c2        0xc ./Core/Src/stm32f4xx_it.o
                0x080012c2                SysTick_Handler
 *fill*         0x080012ce        0x2 
 .text.DMA1_Stream0_IRQHandler
                0x080012d0       0x14 ./Core/Src/stm32f4xx_it.o
                0x080012d0                DMA1_Stream0_IRQHandler
 .text.DMA1_Stream6_IRQHandler
                0x080012e4       0x14 ./Core/Src/stm32f4xx_it.o
                0x080012e4                DMA1_Stream6_IRQHandler
 .text.SPI2_IRQHandler
                0x080012f8       0x14 ./Core/Src/stm32f4xx_it.o
                0x080012f8                SPI2_IRQHandler
 .text.USART2_IRQHandler
                0x0800130c       0x14 ./Core/Src/stm32f4xx_it.o
                0x0800130c                USART2_IRQHandler
 .text.UART4_IRQHandler
                0x08001320       0x14 ./Core/Src/stm32f4xx_it.o
                0x08001320                UART4_IRQHandler
 .text.DMA2_Stream1_IRQHandler
                0x08001334       0x14 ./Core/Src/stm32f4xx_it.o
                0x08001334                DMA2_Stream1_IRQHandler
 .text.DMA2_Stream6_IRQHandler
                0x08001348       0x14 ./Core/Src/stm32f4xx_it.o
                0x08001348                DMA2_Stream6_IRQHandler
 .text.USART6_IRQHandler
                0x0800135c       0x14 ./Core/Src/stm32f4xx_it.o
                0x0800135c                USART6_IRQHandler
 .text.UART8_IRQHandler
                0x08001370       0x14 ./Core/Src/stm32f4xx_it.o
                0x08001370                UART8_IRQHandler
 .text._sbrk    0x08001384       0x6c ./Core/Src/sysmem.o
                0x08001384                _sbrk
 .text.SystemInit
                0x080013f0       0x24 ./Core/Src/system_stm32f4xx.o
                0x080013f0                SystemInit
 .text.Reset_Handler
                0x08001414       0x50 ./Core/Startup/startup_stm32f427vitx.o
                0x08001414                Reset_Handler
 .text.Default_Handler
                0x08001464        0x2 ./Core/Startup/startup_stm32f427vitx.o
                0x08001464                RTC_Alarm_IRQHandler
                0x08001464                HASH_RNG_IRQHandler
                0x08001464                EXTI2_IRQHandler
                0x08001464                TIM8_CC_IRQHandler
                0x08001464                SPI4_IRQHandler
                0x08001464                TIM1_CC_IRQHandler
                0x08001464                DMA2_Stream5_IRQHandler
                0x08001464                DMA1_Stream5_IRQHandler
                0x08001464                PVD_IRQHandler
                0x08001464                SDIO_IRQHandler
                0x08001464                TAMP_STAMP_IRQHandler
                0x08001464                CAN2_RX1_IRQHandler
                0x08001464                EXTI3_IRQHandler
                0x08001464                TIM8_TRG_COM_TIM14_IRQHandler
                0x08001464                TIM1_UP_TIM10_IRQHandler
                0x08001464                TIM8_UP_TIM13_IRQHandler
                0x08001464                I2C3_ER_IRQHandler
                0x08001464                EXTI0_IRQHandler
                0x08001464                I2C2_EV_IRQHandler
                0x08001464                DMA1_Stream2_IRQHandler
                0x08001464                CAN1_RX0_IRQHandler
                0x08001464                FPU_IRQHandler
                0x08001464                OTG_HS_WKUP_IRQHandler
                0x08001464                CAN2_SCE_IRQHandler
                0x08001464                DMA2_Stream2_IRQHandler
                0x08001464                SPI1_IRQHandler
                0x08001464                TIM6_DAC_IRQHandler
                0x08001464                TIM1_BRK_TIM9_IRQHandler
                0x08001464                DCMI_IRQHandler
                0x08001464                CAN2_RX0_IRQHandler
                0x08001464                DMA2_Stream3_IRQHandler
                0x08001464                USART3_IRQHandler
                0x08001464                CAN1_RX1_IRQHandler
                0x08001464                UART5_IRQHandler
                0x08001464                DMA2_Stream0_IRQHandler
                0x08001464                TIM4_IRQHandler
                0x08001464                I2C1_EV_IRQHandler
                0x08001464                DMA1_Stream1_IRQHandler
                0x08001464                TIM3_IRQHandler
                0x08001464                RCC_IRQHandler
                0x08001464                TIM8_BRK_TIM12_IRQHandler
                0x08001464                Default_Handler
                0x08001464                EXTI15_10_IRQHandler
                0x08001464                ADC_IRQHandler
                0x08001464                DMA1_Stream7_IRQHandler
                0x08001464                SPI5_IRQHandler
                0x08001464                TIM7_IRQHandler
                0x08001464                CAN2_TX_IRQHandler
                0x08001464                TIM5_IRQHandler
                0x08001464                DMA2_Stream7_IRQHandler
                0x08001464                I2C3_EV_IRQHandler
                0x08001464                EXTI9_5_IRQHandler
                0x08001464                RTC_WKUP_IRQHandler
                0x08001464                ETH_WKUP_IRQHandler
                0x08001464                OTG_HS_EP1_IN_IRQHandler
                0x08001464                CAN1_TX_IRQHandler
                0x08001464                EXTI4_IRQHandler
                0x08001464                ETH_IRQHandler
                0x08001464                OTG_HS_EP1_OUT_IRQHandler
                0x08001464                WWDG_IRQHandler
                0x08001464                SPI6_IRQHandler
                0x08001464                TIM2_IRQHandler
                0x08001464                OTG_FS_WKUP_IRQHandler
                0x08001464                TIM1_TRG_COM_TIM11_IRQHandler
                0x08001464                OTG_HS_IRQHandler
                0x08001464                DMA2D_IRQHandler
                0x08001464                EXTI1_IRQHandler
                0x08001464                UART7_IRQHandler
                0x08001464                I2C2_ER_IRQHandler
                0x08001464                CAN1_SCE_IRQHandler
                0x08001464                FLASH_IRQHandler
                0x08001464                DMA2_Stream4_IRQHandler
                0x08001464                USART1_IRQHandler
                0x08001464                OTG_FS_IRQHandler
                0x08001464                SPI3_IRQHandler
                0x08001464                DMA1_Stream4_IRQHandler
                0x08001464                I2C1_ER_IRQHandler
                0x08001464                FMC_IRQHandler
                0x08001464                SAI1_IRQHandler
                0x08001464                DMA1_Stream3_IRQHandler
 *fill*         0x08001466        0x2 
 .text.HAL_Init
                0x08001468       0x44 ./Drivers/STM32F4xx_HAL_Driver/Src/stm32f4xx_hal.o
                0x08001468                HAL_Init
 .text.HAL_InitTick
                0x080014ac       0x60 ./Drivers/STM32F4xx_HAL_Driver/Src/stm32f4xx_hal.o
                0x080014ac                HAL_InitTick
 .text.HAL_IncTick
                0x0800150c       0x28 ./Drivers/STM32F4xx_HAL_Driver/Src/stm32f4xx_hal.o
                0x0800150c                HAL_IncTick
 .text.HAL_GetTick
                0x08001534       0x18 ./Drivers/STM32F4xx_HAL_Driver/Src/stm32f4xx_hal.o
                0x08001534                HAL_GetTick
 .text.HAL_Delay
                0x0800154c       0x48 ./Drivers/STM32F4xx_HAL_Driver/Src/stm32f4xx_hal.o
                0x0800154c                HAL_Delay
 .text.__NVIC_SetPriorityGrouping
                0x08001594       0x48 ./Drivers/STM32F4xx_HAL_Driver/Src/stm32f4xx_hal_cortex.o
 .text.__NVIC_GetPriorityGrouping
                0x080015dc       0x1c ./Drivers/STM32F4xx_HAL_Driver/Src/stm32f4xx_hal_cortex.o
 .text.__NVIC_EnableIRQ
                0x080015f8       0x3c ./Drivers/STM32F4xx_HAL_Driver/Src/stm32f4xx_hal_cortex.o
 .text.__NVIC_SetPriority
                0x08001634       0x54 ./Drivers/STM32F4xx_HAL_Driver/Src/stm32f4xx_hal_cortex.o
 .text.NVIC_EncodePriority
                0x08001688       0x66 ./Drivers/STM32F4xx_HAL_Driver/Src/stm32f4xx_hal_cortex.o
 *fill*         0x080016ee        0x2 
 .text.SysTick_Config
                0x080016f0       0x44 ./Drivers/STM32F4xx_HAL_Driver/Src/stm32f4xx_hal_cortex.o
 .text.HAL_NVIC_SetPriorityGrouping
                0x08001734       0x16 ./Drivers/STM32F4xx_HAL_Driver/Src/stm32f4xx_hal_cortex.o
                0x08001734                HAL_NVIC_SetPriorityGrouping
 .text.HAL_NVIC_SetPriority
                0x0800174a       0x38 ./Drivers/STM32F4xx_HAL_Driver/Src/stm32f4xx_hal_cortex.o
                0x0800174a                HAL_NVIC_SetPriority
 .text.HAL_NVIC_EnableIRQ
                0x08001782       0x1c ./Drivers/STM32F4xx_HAL_Driver/Src/stm32f4xx_hal_cortex.o
                0x08001782                HAL_NVIC_EnableIRQ
 .text.HAL_SYSTICK_Config
                0x0800179e       0x18 ./Drivers/STM32F4xx_HAL_Driver/Src/stm32f4xx_hal_cortex.o
                0x0800179e                HAL_SYSTICK_Config
 *fill*         0x080017b6        0x2 
 .text.HAL_DMA_Init
                0x080017b8      0x15c ./Drivers/STM32F4xx_HAL_Driver/Src/stm32f4xx_hal_dma.o
                0x080017b8                HAL_DMA_Init
 .text.HAL_DMA_Start_IT
                0x08001914       0xb0 ./Drivers/STM32F4xx_HAL_Driver/Src/stm32f4xx_hal_dma.o
                0x08001914                HAL_DMA_Start_IT
 .text.HAL_DMA_Abort
                0x080019c4       0xe0 ./Drivers/STM32F4xx_HAL_Driver/Src/stm32f4xx_hal_dma.o
                0x080019c4                HAL_DMA_Abort
 .text.HAL_DMA_Abort_IT
                0x08001aa4       0x44 ./Drivers/STM32F4xx_HAL_Driver/Src/stm32f4xx_hal_dma.o
                0x08001aa4                HAL_DMA_Abort_IT
 .text.HAL_DMA_IRQHandler
                0x08001ae8      0x314 ./Drivers/STM32F4xx_HAL_Driver/Src/stm32f4xx_hal_dma.o
                0x08001ae8                HAL_DMA_IRQHandler
 .text.HAL_DMA_GetError
                0x08001dfc       0x18 ./Drivers/STM32F4xx_HAL_Driver/Src/stm32f4xx_hal_dma.o
                0x08001dfc                HAL_DMA_GetError
 .text.DMA_SetConfig
                0x08001e14       0x5c ./Drivers/STM32F4xx_HAL_Driver/Src/stm32f4xx_hal_dma.o
 .text.DMA_CalcBaseAndBitshift
                0x08001e70       0x6c ./Drivers/STM32F4xx_HAL_Driver/Src/stm32f4xx_hal_dma.o
 .text.DMA_CheckFifoParam
                0x08001edc       0xf8 ./Drivers/STM32F4xx_HAL_Driver/Src/stm32f4xx_hal_dma.o
 .text.HAL_GPIO_Init
                0x08001fd4      0x358 ./Drivers/STM32F4xx_HAL_Driver/Src/stm32f4xx_hal_gpio.o
                0x08001fd4                HAL_GPIO_Init
 .text.HAL_GPIO_WritePin
                0x0800232c       0x32 ./Drivers/STM32F4xx_HAL_Driver/Src/stm32f4xx_hal_gpio.o
                0x0800232c                HAL_GPIO_WritePin
 *fill*         0x0800235e        0x2 
 .text.HAL_PWREx_EnableOverDrive
                0x08002360       0xa0 ./Drivers/STM32F4xx_HAL_Driver/Src/stm32f4xx_hal_pwr_ex.o
                0x08002360                HAL_PWREx_EnableOverDrive
 .text.HAL_RCC_OscConfig
                0x08002400      0x4f0 ./Drivers/STM32F4xx_HAL_Driver/Src/stm32f4xx_hal_rcc.o
                0x08002400                HAL_RCC_OscConfig
 .text.HAL_RCC_ClockConfig
                0x080028f0      0x1cc ./Drivers/STM32F4xx_HAL_Driver/Src/stm32f4xx_hal_rcc.o
                0x080028f0                HAL_RCC_ClockConfig
 .text.HAL_RCC_GetSysClockFreq
                0x08002abc      0x20c ./Drivers/STM32F4xx_HAL_Driver/Src/stm32f4xx_hal_rcc.o
                0x08002abc                HAL_RCC_GetSysClockFreq
 .text.HAL_RCC_GetHCLKFreq
                0x08002cc8       0x18 ./Drivers/STM32F4xx_HAL_Driver/Src/stm32f4xx_hal_rcc.o
                0x08002cc8                HAL_RCC_GetHCLKFreq
 .text.HAL_RCC_GetPCLK1Freq
                0x08002ce0       0x28 ./Drivers/STM32F4xx_HAL_Driver/Src/stm32f4xx_hal_rcc.o
                0x08002ce0                HAL_RCC_GetPCLK1Freq
 .text.HAL_RCC_GetPCLK2Freq
                0x08002d08       0x28 ./Drivers/STM32F4xx_HAL_Driver/Src/stm32f4xx_hal_rcc.o
                0x08002d08                HAL_RCC_GetPCLK2Freq
 .text.HAL_SPI_Init
                0x08002d30      0x112 ./Drivers/STM32F4xx_HAL_Driver/Src/stm32f4xx_hal_spi.o
                0x08002d30                HAL_SPI_Init
 *fill*         0x08002e42        0x2 
 .text.HAL_SPI_IRQHandler
                0x08002e44      0x1e8 ./Drivers/STM32F4xx_HAL_Driver/Src/stm32f4xx_hal_spi.o
                0x08002e44                HAL_SPI_IRQHandler
 .text.HAL_SPI_ErrorCallback
                0x0800302c       0x14 ./Drivers/STM32F4xx_HAL_Driver/Src/stm32f4xx_hal_spi.o
                0x0800302c                HAL_SPI_ErrorCallback
 .text.SPI_DMAAbortOnError
                0x08003040       0x28 ./Drivers/STM32F4xx_HAL_Driver/Src/stm32f4xx_hal_spi.o
 .text.HAL_UART_Init
                0x08003068       0xa0 ./Drivers/STM32F4xx_HAL_Driver/Src/stm32f4xx_hal_uart.o
                0x08003068                HAL_UART_Init
 .text.HAL_UART_Transmit
                0x08003108      0x116 ./Drivers/STM32F4xx_HAL_Driver/Src/stm32f4xx_hal_uart.o
                0x08003108                HAL_UART_Transmit
 .text.HAL_UART_Receive
                0x0800321e      0x12e ./Drivers/STM32F4xx_HAL_Driver/Src/stm32f4xx_hal_uart.o
                0x0800321e                HAL_UART_Receive
 .text.HAL_UART_Receive_DMA
                0x0800334c       0x4a ./Drivers/STM32F4xx_HAL_Driver/Src/stm32f4xx_hal_uart.o
                0x0800334c                HAL_UART_Receive_DMA
 .text.HAL_UART_AbortReceive
                0x08003396      0x146 ./Drivers/STM32F4xx_HAL_Driver/Src/stm32f4xx_hal_uart.o
                0x08003396                HAL_UART_AbortReceive
 .text.HAL_UART_IRQHandler
                0x080034dc      0x524 ./Drivers/STM32F4xx_HAL_Driver/Src/stm32f4xx_hal_uart.o
                0x080034dc                HAL_UART_IRQHandler
 .text.HAL_UART_TxCpltCallback
                0x08003a00       0x14 ./Drivers/STM32F4xx_HAL_Driver/Src/stm32f4xx_hal_uart.o
                0x08003a00                HAL_UART_TxCpltCallback
 .text.HAL_UART_RxHalfCpltCallback
                0x08003a14       0x14 ./Drivers/STM32F4xx_HAL_Driver/Src/stm32f4xx_hal_uart.o
                0x08003a14                HAL_UART_RxHalfCpltCallback
 .text.HAL_UART_ErrorCallback
                0x08003a28       0x14 ./Drivers/STM32F4xx_HAL_Driver/Src/stm32f4xx_hal_uart.o
                0x08003a28                HAL_UART_ErrorCallback
 .text.HAL_UARTEx_RxEventCallback
                0x08003a3c       0x18 ./Drivers/STM32F4xx_HAL_Driver/Src/stm32f4xx_hal_uart.o
                0x08003a3c                HAL_UARTEx_RxEventCallback
 .text.UART_DMAReceiveCplt
                0x08003a54      0x12c ./Drivers/STM32F4xx_HAL_Driver/Src/stm32f4xx_hal_uart.o
 .text.UART_DMARxHalfCplt
                0x08003b80       0x3c ./Drivers/STM32F4xx_HAL_Driver/Src/stm32f4xx_hal_uart.o
 .text.UART_DMAError
                0x08003bbc       0x94 ./Drivers/STM32F4xx_HAL_Driver/Src/stm32f4xx_hal_uart.o
 .text.UART_WaitOnFlagUntilTimeout
                0x08003c50       0xb2 ./Drivers/STM32F4xx_HAL_Driver/Src/stm32f4xx_hal_uart.o
 *fill*         0x08003d02        0x2 
 .text.UART_Start_Receive_DMA
                0x08003d04      0x134 ./Drivers/STM32F4xx_HAL_Driver/Src/stm32f4xx_hal_uart.o
                0x08003d04                UART_Start_Receive_DMA
 .text.UART_EndTxTransfer
                0x08003e38       0x50 ./Drivers/STM32F4xx_HAL_Driver/Src/stm32f4xx_hal_uart.o
 .text.UART_EndRxTransfer
                0x08003e88       0xc6 ./Drivers/STM32F4xx_HAL_Driver/Src/stm32f4xx_hal_uart.o
 .text.UART_DMAAbortOnError
                0x08003f4e       0x28 ./Drivers/STM32F4xx_HAL_Driver/Src/stm32f4xx_hal_uart.o
 .text.UART_Transmit_IT
                0x08003f76       0xa0 ./Drivers/STM32F4xx_HAL_Driver/Src/stm32f4xx_hal_uart.o
 .text.UART_EndTransmit_IT
                0x08004016       0x30 ./Drivers/STM32F4xx_HAL_Driver/Src/stm32f4xx_hal_uart.o
 .text.UART_Receive_IT
                0x08004046      0x17c ./Drivers/STM32F4xx_HAL_Driver/Src/stm32f4xx_hal_uart.o
 *fill*         0x080041c2        0x2 
 .text.UART_SetConfig
                0x080041c4      0x4e8 ./Drivers/STM32F4xx_HAL_Driver/Src/stm32f4xx_hal_uart.o
 .text.atoi     0x080046ac        0x8 C:/ST/STM32CubeIDE_1.10.0/STM32CubeIDE/plugins/com.st.stm32cube.ide.mcu.externaltools.gnu-tools-for-stm32.12.3.rel1.win32_1.0.100.202403111256/tools/bin/../lib/gcc/arm-none-eabi/12.3.1/../../../../arm-none-eabi/lib/thumb/v7e-m+fp/hard\libc_nano.a(libc_a-atoi.o)
                0x080046ac                atoi
 .text.malloc   0x080046b4       0x10 C:/ST/STM32CubeIDE_1.10.0/STM32CubeIDE/plugins/com.st.stm32cube.ide.mcu.externaltools.gnu-tools-for-stm32.12.3.rel1.win32_1.0.100.202403111256/tools/bin/../lib/gcc/arm-none-eabi/12.3.1/../../../../arm-none-eabi/lib/thumb/v7e-m+fp/hard\libc_nano.a(libc_a-malloc.o)
                0x080046b4                malloc
 .text.sbrk_aligned
                0x080046c4       0x44 C:/ST/STM32CubeIDE_1.10.0/STM32CubeIDE/plugins/com.st.stm32cube.ide.mcu.externaltools.gnu-tools-for-stm32.12.3.rel1.win32_1.0.100.202403111256/tools/bin/../lib/gcc/arm-none-eabi/12.3.1/../../../../arm-none-eabi/lib/thumb/v7e-m+fp/hard\libc_nano.a(libc_a-mallocr.o)
 .text._malloc_r
                0x08004708      0x100 C:/ST/STM32CubeIDE_1.10.0/STM32CubeIDE/plugins/com.st.stm32cube.ide.mcu.externaltools.gnu-tools-for-stm32.12.3.rel1.win32_1.0.100.202403111256/tools/bin/../lib/gcc/arm-none-eabi/12.3.1/../../../../arm-none-eabi/lib/thumb/v7e-m+fp/hard\libc_nano.a(libc_a-mallocr.o)
                0x08004708                _malloc_r
 .text.__malloc_lock
                0x08004808        0xc C:/ST/STM32CubeIDE_1.10.0/STM32CubeIDE/plugins/com.st.stm32cube.ide.mcu.externaltools.gnu-tools-for-stm32.12.3.rel1.win32_1.0.100.202403111256/tools/bin/../lib/gcc/arm-none-eabi/12.3.1/../../../../arm-none-eabi/lib/thumb/v7e-m+fp/hard\libc_nano.a(libc_a-mlock.o)
                0x08004808                __malloc_lock
 .text.__malloc_unlock
                0x08004814        0xc C:/ST/STM32CubeIDE_1.10.0/STM32CubeIDE/plugins/com.st.stm32cube.ide.mcu.externaltools.gnu-tools-for-stm32.12.3.rel1.win32_1.0.100.202403111256/tools/bin/../lib/gcc/arm-none-eabi/12.3.1/../../../../arm-none-eabi/lib/thumb/v7e-m+fp/hard\libc_nano.a(libc_a-mlock.o)
                0x08004814                __malloc_unlock
 .text._strtol_l.constprop.0
                0x08004820       0xf4 C:/ST/STM32CubeIDE_1.10.0/STM32CubeIDE/plugins/com.st.stm32cube.ide.mcu.externaltools.gnu-tools-for-stm32.12.3.rel1.win32_1.0.100.202403111256/tools/bin/../lib/gcc/arm-none-eabi/12.3.1/../../../../arm-none-eabi/lib/thumb/v7e-m+fp/hard\libc_nano.a(libc_a-strtol.o)
 .text.strtol   0x08004914       0x14 C:/ST/STM32CubeIDE_1.10.0/STM32CubeIDE/plugins/com.st.stm32cube.ide.mcu.externaltools.gnu-tools-for-stm32.12.3.rel1.win32_1.0.100.202403111256/tools/bin/../lib/gcc/arm-none-eabi/12.3.1/../../../../arm-none-eabi/lib/thumb/v7e-m+fp/hard\libc_nano.a(libc_a-strtol.o)
                0x08004914                strtol
 .text.sprintf  0x08004928       0x40 C:/ST/STM32CubeIDE_1.10.0/STM32CubeIDE/plugins/com.st.stm32cube.ide.mcu.externaltools.gnu-tools-for-stm32.12.3.rel1.win32_1.0.100.202403111256/tools/bin/../lib/gcc/arm-none-eabi/12.3.1/../../../../arm-none-eabi/lib/thumb/v7e-m+fp/hard\libc_nano.a(libc_a-sprintf.o)
                0x08004928                siprintf
                0x08004928                sprintf
 .text._vsnprintf_r
                0x08004968       0x56 C:/ST/STM32CubeIDE_1.10.0/STM32CubeIDE/plugins/com.st.stm32cube.ide.mcu.externaltools.gnu-tools-for-stm32.12.3.rel1.win32_1.0.100.202403111256/tools/bin/../lib/gcc/arm-none-eabi/12.3.1/../../../../arm-none-eabi/lib/thumb/v7e-m+fp/hard\libc_nano.a(libc_a-vsnprintf.o)
                0x08004968                _vsniprintf_r
                0x08004968                _vsnprintf_r
 *fill*         0x080049be        0x2 
 .text.vsnprintf
                0x080049c0       0x1c C:/ST/STM32CubeIDE_1.10.0/STM32CubeIDE/plugins/com.st.stm32cube.ide.mcu.externaltools.gnu-tools-for-stm32.12.3.rel1.win32_1.0.100.202403111256/tools/bin/../lib/gcc/arm-none-eabi/12.3.1/../../../../arm-none-eabi/lib/thumb/v7e-m+fp/hard\libc_nano.a(libc_a-vsnprintf.o)
                0x080049c0                vsniprintf
                0x080049c0                vsnprintf
 .text.memset   0x080049dc       0x10 C:/ST/STM32CubeIDE_1.10.0/STM32CubeIDE/plugins/com.st.stm32cube.ide.mcu.externaltools.gnu-tools-for-stm32.12.3.rel1.win32_1.0.100.202403111256/tools/bin/../lib/gcc/arm-none-eabi/12.3.1/../../../../arm-none-eabi/lib/thumb/v7e-m+fp/hard\libc_nano.a(libc_a-memset.o)
                0x080049dc                memset
 .text._sbrk_r  0x080049ec       0x20 C:/ST/STM32CubeIDE_1.10.0/STM32CubeIDE/plugins/com.st.stm32cube.ide.mcu.externaltools.gnu-tools-for-stm32.12.3.rel1.win32_1.0.100.202403111256/tools/bin/../lib/gcc/arm-none-eabi/12.3.1/../../../../arm-none-eabi/lib/thumb/v7e-m+fp/hard\libc_nano.a(libc_a-sbrkr.o)
                0x080049ec                _sbrk_r
 .text.__errno  0x08004a0c        0xc C:/ST/STM32CubeIDE_1.10.0/STM32CubeIDE/plugins/com.st.stm32cube.ide.mcu.externaltools.gnu-tools-for-stm32.12.3.rel1.win32_1.0.100.202403111256/tools/bin/../lib/gcc/arm-none-eabi/12.3.1/../../../../arm-none-eabi/lib/thumb/v7e-m+fp/hard\libc_nano.a(libc_a-errno.o)
                0x08004a0c                __errno
 .text.__libc_init_array
                0x08004a18       0x48 C:/ST/STM32CubeIDE_1.10.0/STM32CubeIDE/plugins/com.st.stm32cube.ide.mcu.externaltools.gnu-tools-for-stm32.12.3.rel1.win32_1.0.100.202403111256/tools/bin/../lib/gcc/arm-none-eabi/12.3.1/../../../../arm-none-eabi/lib/thumb/v7e-m+fp/hard\libc_nano.a(libc_a-init.o)
                0x08004a18                __libc_init_array
 .text.__retarget_lock_acquire_recursive
                0x08004a60        0x2 C:/ST/STM32CubeIDE_1.10.0/STM32CubeIDE/plugins/com.st.stm32cube.ide.mcu.externaltools.gnu-tools-for-stm32.12.3.rel1.win32_1.0.100.202403111256/tools/bin/../lib/gcc/arm-none-eabi/12.3.1/../../../../arm-none-eabi/lib/thumb/v7e-m+fp/hard\libc_nano.a(libc_a-lock.o)
                0x08004a60                __retarget_lock_acquire_recursive
 .text.__retarget_lock_release_recursive
                0x08004a62        0x2 C:/ST/STM32CubeIDE_1.10.0/STM32CubeIDE/plugins/com.st.stm32cube.ide.mcu.externaltools.gnu-tools-for-stm32.12.3.rel1.win32_1.0.100.202403111256/tools/bin/../lib/gcc/arm-none-eabi/12.3.1/../../../../arm-none-eabi/lib/thumb/v7e-m+fp/hard\libc_nano.a(libc_a-lock.o)
                0x08004a62                __retarget_lock_release_recursive
 .text.memcpy   0x08004a64       0x1c C:/ST/STM32CubeIDE_1.10.0/STM32CubeIDE/plugins/com.st.stm32cube.ide.mcu.externaltools.gnu-tools-for-stm32.12.3.rel1.win32_1.0.100.202403111256/tools/bin/../lib/gcc/arm-none-eabi/12.3.1/../../../../arm-none-eabi/lib/thumb/v7e-m+fp/hard\libc_nano.a(libc_a-memcpy-stub.o)
                0x08004a64                memcpy
 .text._free_r  0x08004a80       0x94 C:/ST/STM32CubeIDE_1.10.0/STM32CubeIDE/plugins/com.st.stm32cube.ide.mcu.externaltools.gnu-tools-for-stm32.12.3.rel1.win32_1.0.100.202403111256/tools/bin/../lib/gcc/arm-none-eabi/12.3.1/../../../../arm-none-eabi/lib/thumb/v7e-m+fp/hard\libc_nano.a(libc_a-freer.o)
                0x08004a80                _free_r
 .text.__ssputs_r
                0x08004b14       0xb6 C:/ST/STM32CubeIDE_1.10.0/STM32CubeIDE/plugins/com.st.stm32cube.ide.mcu.externaltools.gnu-tools-for-stm32.12.3.rel1.win32_1.0.100.202403111256/tools/bin/../lib/gcc/arm-none-eabi/12.3.1/../../../../arm-none-eabi/lib/thumb/v7e-m+fp/hard\libc_nano.a(libc_a-nano-svfprintf.o)
                0x08004b14                __ssputs_r
 *fill*         0x08004bca        0x2 
 .text._svfprintf_r
                0x08004bcc      0x1f8 C:/ST/STM32CubeIDE_1.10.0/STM32CubeIDE/plugins/com.st.stm32cube.ide.mcu.externaltools.gnu-tools-for-stm32.12.3.rel1.win32_1.0.100.202403111256/tools/bin/../lib/gcc/arm-none-eabi/12.3.1/../../../../arm-none-eabi/lib/thumb/v7e-m+fp/hard\libc_nano.a(libc_a-nano-svfprintf.o)
                0x08004bcc                _svfiprintf_r
                0x08004bcc                _svfprintf_r
 .text._printf_common
                0x08004dc4       0xda C:/ST/STM32CubeIDE_1.10.0/STM32CubeIDE/plugins/com.st.stm32cube.ide.mcu.externaltools.gnu-tools-for-stm32.12.3.rel1.win32_1.0.100.202403111256/tools/bin/../lib/gcc/arm-none-eabi/12.3.1/../../../../arm-none-eabi/lib/thumb/v7e-m+fp/hard\libc_nano.a(libc_a-nano-vfprintf_i.o)
                0x08004dc4                _printf_common
 *fill*         0x08004e9e        0x2 
 .text._printf_i
                0x08004ea0      0x240 C:/ST/STM32CubeIDE_1.10.0/STM32CubeIDE/plugins/com.st.stm32cube.ide.mcu.externaltools.gnu-tools-for-stm32.12.3.rel1.win32_1.0.100.202403111256/tools/bin/../lib/gcc/arm-none-eabi/12.3.1/../../../../arm-none-eabi/lib/thumb/v7e-m+fp/hard\libc_nano.a(libc_a-nano-vfprintf_i.o)
                0x08004ea0                _printf_i
 .text.memmove  0x080050e0       0x34 C:/ST/STM32CubeIDE_1.10.0/STM32CubeIDE/plugins/com.st.stm32cube.ide.mcu.externaltools.gnu-tools-for-stm32.12.3.rel1.win32_1.0.100.202403111256/tools/bin/../lib/gcc/arm-none-eabi/12.3.1/../../../../arm-none-eabi/lib/thumb/v7e-m+fp/hard\libc_nano.a(libc_a-memmove.o)
                0x080050e0                memmove
 .text._realloc_r
                0x08005114       0x5c C:/ST/STM32CubeIDE_1.10.0/STM32CubeIDE/plugins/com.st.stm32cube.ide.mcu.externaltools.gnu-tools-for-stm32.12.3.rel1.win32_1.0.100.202403111256/tools/bin/../lib/gcc/arm-none-eabi/12.3.1/../../../../arm-none-eabi/lib/thumb/v7e-m+fp/hard\libc_nano.a(libc_a-reallocr.o)
                0x08005114                _realloc_r
 .text._malloc_usable_size_r
                0x08005170       0x10 C:/ST/STM32CubeIDE_1.10.0/STM32CubeIDE/plugins/com.st.stm32cube.ide.mcu.externaltools.gnu-tools-for-stm32.12.3.rel1.win32_1.0.100.202403111256/tools/bin/../lib/gcc/arm-none-eabi/12.3.1/../../../../arm-none-eabi/lib/thumb/v7e-m+fp/hard\libc_nano.a(libc_a-msizer.o)
                0x08005170                _malloc_usable_size_r
 *(.glue_7)
 .glue_7        0x08005180        0x0 linker stubs
 *(.glue_7t)
 .glue_7t       0x08005180        0x0 linker stubs
 *(.eh_frame)
 .eh_frame      0x08005180        0x0 C:/ST/STM32CubeIDE_1.10.0/STM32CubeIDE/plugins/com.st.stm32cube.ide.mcu.externaltools.gnu-tools-for-stm32.12.3.rel1.win32_1.0.100.202403111256/tools/bin/../lib/gcc/arm-none-eabi/12.3.1/thumb/v7e-m+fp/hard/crtbegin.o
 *(.init)
 .init          0x08005180        0x4 C:/ST/STM32CubeIDE_1.10.0/STM32CubeIDE/plugins/com.st.stm32cube.ide.mcu.externaltools.gnu-tools-for-stm32.12.3.rel1.win32_1.0.100.202403111256/tools/bin/../lib/gcc/arm-none-eabi/12.3.1/thumb/v7e-m+fp/hard/crti.o
                0x08005180                _init
 .init          0x08005184        0x8 C:/ST/STM32CubeIDE_1.10.0/STM32CubeIDE/plugins/com.st.stm32cube.ide.mcu.externaltools.gnu-tools-for-stm32.12.3.rel1.win32_1.0.100.202403111256/tools/bin/../lib/gcc/arm-none-eabi/12.3.1/thumb/v7e-m+fp/hard/crtn.o
 *(.fini)
 .fini          0x0800518c        0x4 C:/ST/STM32CubeIDE_1.10.0/STM32CubeIDE/plugins/com.st.stm32cube.ide.mcu.externaltools.gnu-tools-for-stm32.12.3.rel1.win32_1.0.100.202403111256/tools/bin/../lib/gcc/arm-none-eabi/12.3.1/thumb/v7e-m+fp/hard/crti.o
                0x0800518c                _fini
 .fini          0x08005190        0x8 C:/ST/STM32CubeIDE_1.10.0/STM32CubeIDE/plugins/com.st.stm32cube.ide.mcu.externaltools.gnu-tools-for-stm32.12.3.rel1.win32_1.0.100.202403111256/tools/bin/../lib/gcc/arm-none-eabi/12.3.1/thumb/v7e-m+fp/hard/crtn.o
                0x08005198                        . = ALIGN (0x4)
                0x08005198                        _etext = .

.vfp11_veneer   0x08005198        0x0
 .vfp11_veneer  0x08005198        0x0 linker stubs

.v4_bx          0x08005198        0x0
 .v4_bx         0x08005198        0x0 linker stubs

.iplt           0x08005198        0x0
 .iplt          0x08005198        0x0 C:/ST/STM32CubeIDE_1.10.0/STM32CubeIDE/plugins/com.st.stm32cube.ide.mcu.externaltools.gnu-tools-for-stm32.12.3.rel1.win32_1.0.100.202403111256/tools/bin/../lib/gcc/arm-none-eabi/12.3.1/thumb/v7e-m+fp/hard/crtbegin.o

.rodata         0x08005198      0x1f0
                0x08005198                        . = ALIGN (0x4)
 *(.rodata)
 .rodata        0x08005198       0x99 ./Core/Src/main.o
 *(.rodata*)
 *fill*         0x08005231        0x3 
 .rodata.AHBPrescTable
                0x08005234       0x10 ./Core/Src/system_stm32f4xx.o
                0x08005234                AHBPrescTable
 .rodata.APBPrescTable
                0x08005244        0x8 ./Core/Src/system_stm32f4xx.o
                0x08005244                APBPrescTable
 .rodata.flagBitshiftOffset.0
                0x0800524c        0x8 ./Drivers/STM32F4xx_HAL_Driver/Src/stm32f4xx_hal_dma.o
 .rodata._ctype_
                0x08005254      0x101 C:/ST/STM32CubeIDE_1.10.0/STM32CubeIDE/plugins/com.st.stm32cube.ide.mcu.externaltools.gnu-tools-for-stm32.12.3.rel1.win32_1.0.100.202403111256/tools/bin/../lib/gcc/arm-none-eabi/12.3.1/../../../../arm-none-eabi/lib/thumb/v7e-m+fp/hard\libc_nano.a(libc_a-ctype_.o)
                0x08005254                _ctype_
 .rodata._svfprintf_r.str1.1
                0x08005355       0x11 C:/ST/STM32CubeIDE_1.10.0/STM32CubeIDE/plugins/com.st.stm32cube.ide.mcu.externaltools.gnu-tools-for-stm32.12.3.rel1.win32_1.0.100.202403111256/tools/bin/../lib/gcc/arm-none-eabi/12.3.1/../../../../arm-none-eabi/lib/thumb/v7e-m+fp/hard\libc_nano.a(libc_a-nano-svfprintf.o)
 .rodata._printf_i.str1.1
                0x08005366       0x22 C:/ST/STM32CubeIDE_1.10.0/STM32CubeIDE/plugins/com.st.stm32cube.ide.mcu.externaltools.gnu-tools-for-stm32.12.3.rel1.win32_1.0.100.202403111256/tools/bin/../lib/gcc/arm-none-eabi/12.3.1/../../../../arm-none-eabi/lib/thumb/v7e-m+fp/hard\libc_nano.a(libc_a-nano-vfprintf_i.o)
                0x08005388                        . = ALIGN (0x4)

.ARM.extab      0x08005388        0x0
                0x08005388                        . = ALIGN (0x4)
 *(.ARM.extab* .gnu.linkonce.armextab.*)
                0x08005388                        . = ALIGN (0x4)

.ARM            0x08005388        0x8
                0x08005388                        . = ALIGN (0x4)
                0x08005388                        __exidx_start = .
 *(.ARM.exidx*)
 .ARM.exidx     0x08005388        0x8 C:/ST/STM32CubeIDE_1.10.0/STM32CubeIDE/plugins/com.st.stm32cube.ide.mcu.externaltools.gnu-tools-for-stm32.12.3.rel1.win32_1.0.100.202403111256/tools/bin/../lib/gcc/arm-none-eabi/12.3.1/../../../../arm-none-eabi/lib/thumb/v7e-m+fp/hard\libc_nano.a(libc_a-memchr.o)
 .ARM.exidx     0x08005390        0x0 C:/ST/STM32CubeIDE_1.10.0/STM32CubeIDE/plugins/com.st.stm32cube.ide.mcu.externaltools.gnu-tools-for-stm32.12.3.rel1.win32_1.0.100.202403111256/tools/bin/../lib/gcc/arm-none-eabi/12.3.1/thumb/v7e-m+fp/hard\libgcc.a(_udivmoddi4.o)
                                  0x8 (size before relaxing)
                0x08005390                        __exidx_end = .
                0x08005390                        . = ALIGN (0x4)

.preinit_array  0x08005390        0x0
                0x08005390                        . = ALIGN (0x4)
                0x08005390                        PROVIDE (__preinit_array_start = .)
 *(.preinit_array*)
                0x08005390                        PROVIDE (__preinit_array_end = .)
                0x08005390                        . = ALIGN (0x4)

.init_array     0x08005390        0x4
                0x08005390                        . = ALIGN (0x4)
                0x08005390                        PROVIDE (__init_array_start = .)
 *(SORT_BY_NAME(.init_array.*))
 *(.init_array*)
 .init_array    0x08005390        0x4 C:/ST/STM32CubeIDE_1.10.0/STM32CubeIDE/plugins/com.st.stm32cube.ide.mcu.externaltools.gnu-tools-for-stm32.12.3.rel1.win32_1.0.100.202403111256/tools/bin/../lib/gcc/arm-none-eabi/12.3.1/thumb/v7e-m+fp/hard/crtbegin.o
                0x08005394                        PROVIDE (__init_array_end = .)
                0x08005394                        . = ALIGN (0x4)

.fini_array     0x08005394        0x4
                0x08005394                        . = ALIGN (0x4)
                [!provide]                        PROVIDE (__fini_array_start = .)
 *(SORT_BY_NAME(.fini_array.*))
 *(.fini_array*)
 .fini_array    0x08005394        0x4 C:/ST/STM32CubeIDE_1.10.0/STM32CubeIDE/plugins/com.st.stm32cube.ide.mcu.externaltools.gnu-tools-for-stm32.12.3.rel1.win32_1.0.100.202403111256/tools/bin/../lib/gcc/arm-none-eabi/12.3.1/thumb/v7e-m+fp/hard/crtbegin.o
                [!provide]                        PROVIDE (__fini_array_end = .)
                0x08005398                        . = ALIGN (0x4)
                0x08005398                        _sidata = LOADADDR (.data)

.rel.dyn        0x08005398        0x0
 .rel.iplt      0x08005398        0x0 C:/ST/STM32CubeIDE_1.10.0/STM32CubeIDE/plugins/com.st.stm32cube.ide.mcu.externaltools.gnu-tools-for-stm32.12.3.rel1.win32_1.0.100.202403111256/tools/bin/../lib/gcc/arm-none-eabi/12.3.1/thumb/v7e-m+fp/hard/crtbegin.o

.data           0x20000000       0x5c load address 0x08005398
                0x20000000                        . = ALIGN (0x4)
                0x20000000                        _sdata = .
 *(.data)
 *(.data*)
 .data.SystemCoreClock
                0x20000000        0x4 ./Core/Src/system_stm32f4xx.o
                0x20000000                SystemCoreClock
 .data.uwTickPrio
                0x20000004        0x4 ./Drivers/STM32F4xx_HAL_Driver/Src/stm32f4xx_hal.o
                0x20000004                uwTickPrio
 .data.uwTickFreq
                0x20000008        0x1 ./Drivers/STM32F4xx_HAL_Driver/Src/stm32f4xx_hal.o
                0x20000008                uwTickFreq
 *fill*         0x20000009        0x3 
 .data._impure_ptr
                0x2000000c        0x4 C:/ST/STM32CubeIDE_1.10.0/STM32CubeIDE/plugins/com.st.stm32cube.ide.mcu.externaltools.gnu-tools-for-stm32.12.3.rel1.win32_1.0.100.202403111256/tools/bin/../lib/gcc/arm-none-eabi/12.3.1/../../../../arm-none-eabi/lib/thumb/v7e-m+fp/hard\libc_nano.a(libc_a-impure.o)
                0x2000000c                _impure_ptr
 .data._impure_data
                0x20000010       0x4c C:/ST/STM32CubeIDE_1.10.0/STM32CubeIDE/plugins/com.st.stm32cube.ide.mcu.externaltools.gnu-tools-for-stm32.12.3.rel1.win32_1.0.100.202403111256/tools/bin/../lib/gcc/arm-none-eabi/12.3.1/../../../../arm-none-eabi/lib/thumb/v7e-m+fp/hard\libc_nano.a(libc_a-impure.o)
                0x20000010                _impure_data
 *(.RamFunc)
 *(.RamFunc*)
                0x2000005c                        . = ALIGN (0x4)
                0x2000005c                        _edata = .
                0x080053f4                        _siccmram = LOADADDR (.ccmram)

.igot.plt       0x2000005c        0x0 load address 0x080053f4
 .igot.plt      0x2000005c        0x0 C:/ST/STM32CubeIDE_1.10.0/STM32CubeIDE/plugins/com.st.stm32cube.ide.mcu.externaltools.gnu-tools-for-stm32.12.3.rel1.win32_1.0.100.202403111256/tools/bin/../lib/gcc/arm-none-eabi/12.3.1/thumb/v7e-m+fp/hard/crtbegin.o

.ccmram         0x10000000        0x0 load address 0x080053f4
                0x10000000                        . = ALIGN (0x4)
                0x10000000                        _sccmram = .
 *(.ccmram)
 *(.ccmram*)
                0x10000000                        . = ALIGN (0x4)
                0x10000000                        _eccmram = .
                0x10000000                        . = ALIGN (0x4)

.bss            0x2000005c     0x4b34
                0x2000005c                        _sbss = .
                0x2000005c                        __bss_start__ = _sbss
 *(.bss)
 .bss           0x2000005c       0x1c C:/ST/STM32CubeIDE_1.10.0/STM32CubeIDE/plugins/com.st.stm32cube.ide.mcu.externaltools.gnu-tools-for-stm32.12.3.rel1.win32_1.0.100.202403111256/tools/bin/../lib/gcc/arm-none-eabi/12.3.1/thumb/v7e-m+fp/hard/crtbegin.o
 *(.bss*)
 .bss.temp.0    0x20000078       0x64 ./Core/Src/Functions.o
 .bss.hspi2     0x200000dc       0x58 ./Core/Src/main.o
                0x200000dc                hspi2
 .bss.huart4    0x20000134       0x48 ./Core/Src/main.o
                0x20000134                huart4
 .bss.huart8    0x2000017c       0x48 ./Core/Src/main.o
                0x2000017c                huart8
 .bss.huart2    0x200001c4       0x48 ./Core/Src/main.o
                0x200001c4                huart2
 .bss.huart6    0x2000020c       0x48 ./Core/Src/main.o
                0x2000020c                huart6
 .bss.hdma_uart8_tx
                0x20000254       0x60 ./Core/Src/main.o
                0x20000254                hdma_uart8_tx
 .bss.hdma_uart8_rx
                0x200002b4       0x60 ./Core/Src/main.o
                0x200002b4                hdma_uart8_rx
 .bss.hdma_usart6_tx
                0x20000314       0x60 ./Core/Src/main.o
                0x20000314                hdma_usart6_tx
 .bss.hdma_usart6_rx
                0x20000374       0x60 ./Core/Src/main.o
                0x20000374                hdma_usart6_rx
 .bss.data_rec1
                0x200003d4        0x4 ./Core/Src/main.o
                0x200003d4                data_rec1
 .bss.ptr1      0x200003d8        0x4 ./Core/Src/main.o
                0x200003d8                ptr1
 .bss.rrr       0x200003dc     0x4650 ./Core/Src/main.o
                0x200003dc                rrr
 .bss.OBC_CMD_RX1
                0x20004a2c        0x7 ./Core/Src/main.o
                0x20004a2c                OBC_CMD_RX1
 .bss.OBC_RX_FLAG1
                0x20004a33        0x1 ./Core/Src/main.o
                0x20004a33                OBC_RX_FLAG1
 .bss.obc_data1
                0x20004a34        0x1 ./Core/Src/main.o
                0x20004a34                obc_data1
 *fill*         0x20004a35        0x3 
 .bss.rx_data1  0x20004a38        0x7 ./Core/Src/main.o
                0x20004a38                rx_data1
 .bss.i1        0x20004a3f        0x1 ./Core/Src/main.o
                0x20004a3f                i1
 .bss.__sbrk_heap_end
                0x20004a40        0x4 ./Core/Src/sysmem.o
 .bss.uwTick    0x20004a44        0x4 ./Drivers/STM32F4xx_HAL_Driver/Src/stm32f4xx_hal.o
                0x20004a44                uwTick
 .bss.__malloc_sbrk_start
                0x20004a48        0x4 C:/ST/STM32CubeIDE_1.10.0/STM32CubeIDE/plugins/com.st.stm32cube.ide.mcu.externaltools.gnu-tools-for-stm32.12.3.rel1.win32_1.0.100.202403111256/tools/bin/../lib/gcc/arm-none-eabi/12.3.1/../../../../arm-none-eabi/lib/thumb/v7e-m+fp/hard\libc_nano.a(libc_a-mallocr.o)
                0x20004a48                __malloc_sbrk_start
 .bss.__malloc_free_list
                0x20004a4c        0x4 C:/ST/STM32CubeIDE_1.10.0/STM32CubeIDE/plugins/com.st.stm32cube.ide.mcu.externaltools.gnu-tools-for-stm32.12.3.rel1.win32_1.0.100.202403111256/tools/bin/../lib/gcc/arm-none-eabi/12.3.1/../../../../arm-none-eabi/lib/thumb/v7e-m+fp/hard\libc_nano.a(libc_a-mallocr.o)
                0x20004a4c                __malloc_free_list
 .bss.__sf      0x20004a50      0x138 C:/ST/STM32CubeIDE_1.10.0/STM32CubeIDE/plugins/com.st.stm32cube.ide.mcu.externaltools.gnu-tools-for-stm32.12.3.rel1.win32_1.0.100.202403111256/tools/bin/../lib/gcc/arm-none-eabi/12.3.1/../../../../arm-none-eabi/lib/thumb/v7e-m+fp/hard\libc_nano.a(libc_a-findfp.o)
                0x20004a50                __sf
 .bss.errno     0x20004b88        0x4 C:/ST/STM32CubeIDE_1.10.0/STM32CubeIDE/plugins/com.st.stm32cube.ide.mcu.externaltools.gnu-tools-for-stm32.12.3.rel1.win32_1.0.100.202403111256/tools/bin/../lib/gcc/arm-none-eabi/12.3.1/../../../../arm-none-eabi/lib/thumb/v7e-m+fp/hard\libc_nano.a(libc_a-reent.o)
                0x20004b88                errno
 .bss.__lock___malloc_recursive_mutex
                0x20004b8c        0x1 C:/ST/STM32CubeIDE_1.10.0/STM32CubeIDE/plugins/com.st.stm32cube.ide.mcu.externaltools.gnu-tools-for-stm32.12.3.rel1.win32_1.0.100.202403111256/tools/bin/../lib/gcc/arm-none-eabi/12.3.1/../../../../arm-none-eabi/lib/thumb/v7e-m+fp/hard\libc_nano.a(libc_a-lock.o)
                0x20004b8c                __lock___malloc_recursive_mutex
 *(COMMON)
                0x20004b90                        . = ALIGN (0x4)
 *fill*         0x20004b8d        0x3 
                0x20004b90                        _ebss = .
                0x20004b90                        __bss_end__ = _ebss

._user_heap_stack
                0x20004b90      0x600
                0x20004b90                        . = ALIGN (0x8)
                [!provide]                        PROVIDE (end = .)
                0x20004b90                        PROVIDE (_end = .)
                0x20004d90                        . = (. + _Min_Heap_Size)
 *fill*         0x20004b90      0x200 
                0x20005190                        . = (. + _Min_Stack_Size)
 *fill*         0x20004d90      0x400 
                0x20005190                        . = ALIGN (0x8)

/DISCARD/
 libc.a(*)
 libm.a(*)
 libgcc.a(*)

.ARM.attributes
                0x00000000       0x30
 *(.ARM.attributes)
 .ARM.attributes
                0x00000000       0x22 C:/ST/STM32CubeIDE_1.10.0/STM32CubeIDE/plugins/com.st.stm32cube.ide.mcu.externaltools.gnu-tools-for-stm32.12.3.rel1.win32_1.0.100.202403111256/tools/bin/../lib/gcc/arm-none-eabi/12.3.1/thumb/v7e-m+fp/hard/crti.o
 .ARM.attributes
                0x00000022       0x34 C:/ST/STM32CubeIDE_1.10.0/STM32CubeIDE/plugins/com.st.stm32cube.ide.mcu.externaltools.gnu-tools-for-stm32.12.3.rel1.win32_1.0.100.202403111256/tools/bin/../lib/gcc/arm-none-eabi/12.3.1/thumb/v7e-m+fp/hard/crtbegin.o
 .ARM.attributes
                0x00000056       0x34 ./Core/Src/Functions.o
 .ARM.attributes
                0x0000008a       0x34 ./Core/Src/main.o
 .ARM.attributes
                0x000000be       0x34 ./Core/Src/stm32f4xx_hal_msp.o
 .ARM.attributes
                0x000000f2       0x34 ./Core/Src/stm32f4xx_it.o
 .ARM.attributes
                0x00000126       0x34 ./Core/Src/sysmem.o
 .ARM.attributes
                0x0000015a       0x34 ./Core/Src/system_stm32f4xx.o
 .ARM.attributes
                0x0000018e       0x21 ./Core/Startup/startup_stm32f427vitx.o
 .ARM.attributes
                0x000001af       0x34 ./Drivers/STM32F4xx_HAL_Driver/Src/stm32f4xx_hal.o
 .ARM.attributes
                0x000001e3       0x34 ./Drivers/STM32F4xx_HAL_Driver/Src/stm32f4xx_hal_cortex.o
 .ARM.attributes
                0x00000217       0x34 ./Drivers/STM32F4xx_HAL_Driver/Src/stm32f4xx_hal_dma.o
 .ARM.attributes
                0x0000024b       0x34 ./Drivers/STM32F4xx_HAL_Driver/Src/stm32f4xx_hal_gpio.o
 .ARM.attributes
                0x0000027f       0x34 ./Drivers/STM32F4xx_HAL_Driver/Src/stm32f4xx_hal_pwr_ex.o
 .ARM.attributes
                0x000002b3       0x34 ./Drivers/STM32F4xx_HAL_Driver/Src/stm32f4xx_hal_rcc.o
 .ARM.attributes
                0x000002e7       0x34 ./Drivers/STM32F4xx_HAL_Driver/Src/stm32f4xx_hal_spi.o
 .ARM.attributes
                0x0000031b       0x34 ./Drivers/STM32F4xx_HAL_Driver/Src/stm32f4xx_hal_uart.o
 .ARM.attributes
                0x0000034f       0x34 C:/ST/STM32CubeIDE_1.10.0/STM32CubeIDE/plugins/com.st.stm32cube.ide.mcu.externaltools.gnu-tools-for-stm32.12.3.rel1.win32_1.0.100.202403111256/tools/bin/../lib/gcc/arm-none-eabi/12.3.1/../../../../arm-none-eabi/lib/thumb/v7e-m+fp/hard\libc_nano.a(libc_a-atoi.o)
 .ARM.attributes
                0x00000383       0x34 C:/ST/STM32CubeIDE_1.10.0/STM32CubeIDE/plugins/com.st.stm32cube.ide.mcu.externaltools.gnu-tools-for-stm32.12.3.rel1.win32_1.0.100.202403111256/tools/bin/../lib/gcc/arm-none-eabi/12.3.1/../../../../arm-none-eabi/lib/thumb/v7e-m+fp/hard\libc_nano.a(libc_a-malloc.o)
 .ARM.attributes
                0x000003b7       0x34 C:/ST/STM32CubeIDE_1.10.0/STM32CubeIDE/plugins/com.st.stm32cube.ide.mcu.externaltools.gnu-tools-for-stm32.12.3.rel1.win32_1.0.100.202403111256/tools/bin/../lib/gcc/arm-none-eabi/12.3.1/../../../../arm-none-eabi/lib/thumb/v7e-m+fp/hard\libc_nano.a(libc_a-mallocr.o)
 .ARM.attributes
                0x000003eb       0x34 C:/ST/STM32CubeIDE_1.10.0/STM32CubeIDE/plugins/com.st.stm32cube.ide.mcu.externaltools.gnu-tools-for-stm32.12.3.rel1.win32_1.0.100.202403111256/tools/bin/../lib/gcc/arm-none-eabi/12.3.1/../../../../arm-none-eabi/lib/thumb/v7e-m+fp/hard\libc_nano.a(libc_a-mlock.o)
 .ARM.attributes
                0x0000041f       0x34 C:/ST/STM32CubeIDE_1.10.0/STM32CubeIDE/plugins/com.st.stm32cube.ide.mcu.externaltools.gnu-tools-for-stm32.12.3.rel1.win32_1.0.100.202403111256/tools/bin/../lib/gcc/arm-none-eabi/12.3.1/../../../../arm-none-eabi/lib/thumb/v7e-m+fp/hard\libc_nano.a(libc_a-strtol.o)
 .ARM.attributes
                0x00000453       0x34 C:/ST/STM32CubeIDE_1.10.0/STM32CubeIDE/plugins/com.st.stm32cube.ide.mcu.externaltools.gnu-tools-for-stm32.12.3.rel1.win32_1.0.100.202403111256/tools/bin/../lib/gcc/arm-none-eabi/12.3.1/../../../../arm-none-eabi/lib/thumb/v7e-m+fp/hard\libc_nano.a(libc_a-ctype_.o)
 .ARM.attributes
                0x00000487       0x34 C:/ST/STM32CubeIDE_1.10.0/STM32CubeIDE/plugins/com.st.stm32cube.ide.mcu.externaltools.gnu-tools-for-stm32.12.3.rel1.win32_1.0.100.202403111256/tools/bin/../lib/gcc/arm-none-eabi/12.3.1/../../../../arm-none-eabi/lib/thumb/v7e-m+fp/hard\libc_nano.a(libc_a-findfp.o)
 .ARM.attributes
                0x000004bb       0x34 C:/ST/STM32CubeIDE_1.10.0/STM32CubeIDE/plugins/com.st.stm32cube.ide.mcu.externaltools.gnu-tools-for-stm32.12.3.rel1.win32_1.0.100.202403111256/tools/bin/../lib/gcc/arm-none-eabi/12.3.1/../../../../arm-none-eabi/lib/thumb/v7e-m+fp/hard\libc_nano.a(libc_a-sprintf.o)
 .ARM.attributes
                0x000004ef       0x34 C:/ST/STM32CubeIDE_1.10.0/STM32CubeIDE/plugins/com.st.stm32cube.ide.mcu.externaltools.gnu-tools-for-stm32.12.3.rel1.win32_1.0.100.202403111256/tools/bin/../lib/gcc/arm-none-eabi/12.3.1/../../../../arm-none-eabi/lib/thumb/v7e-m+fp/hard\libc_nano.a(libc_a-vsnprintf.o)
 .ARM.attributes
                0x00000523       0x34 C:/ST/STM32CubeIDE_1.10.0/STM32CubeIDE/plugins/com.st.stm32cube.ide.mcu.externaltools.gnu-tools-for-stm32.12.3.rel1.win32_1.0.100.202403111256/tools/bin/../lib/gcc/arm-none-eabi/12.3.1/../../../../arm-none-eabi/lib/thumb/v7e-m+fp/hard\libc_nano.a(libc_a-memset.o)
 .ARM.attributes
                0x00000557       0x34 C:/ST/STM32CubeIDE_1.10.0/STM32CubeIDE/plugins/com.st.stm32cube.ide.mcu.externaltools.gnu-tools-for-stm32.12.3.rel1.win32_1.0.100.202403111256/tools/bin/../lib/gcc/arm-none-eabi/12.3.1/../../../../arm-none-eabi/lib/thumb/v7e-m+fp/hard\libc_nano.a(libc_a-reent.o)
 .ARM.attributes
                0x0000058b       0x34 C:/ST/STM32CubeIDE_1.10.0/STM32CubeIDE/plugins/com.st.stm32cube.ide.mcu.externaltools.gnu-tools-for-stm32.12.3.rel1.win32_1.0.100.202403111256/tools/bin/../lib/gcc/arm-none-eabi/12.3.1/../../../../arm-none-eabi/lib/thumb/v7e-m+fp/hard\libc_nano.a(libc_a-impure.o)
 .ARM.attributes
                0x000005bf       0x34 C:/ST/STM32CubeIDE_1.10.0/STM32CubeIDE/plugins/com.st.stm32cube.ide.mcu.externaltools.gnu-tools-for-stm32.12.3.rel1.win32_1.0.100.202403111256/tools/bin/../lib/gcc/arm-none-eabi/12.3.1/../../../../arm-none-eabi/lib/thumb/v7e-m+fp/hard\libc_nano.a(libc_a-sbrkr.o)
 .ARM.attributes
                0x000005f3       0x34 C:/ST/STM32CubeIDE_1.10.0/STM32CubeIDE/plugins/com.st.stm32cube.ide.mcu.externaltools.gnu-tools-for-stm32.12.3.rel1.win32_1.0.100.202403111256/tools/bin/../lib/gcc/arm-none-eabi/12.3.1/../../../../arm-none-eabi/lib/thumb/v7e-m+fp/hard\libc_nano.a(libc_a-errno.o)
 .ARM.attributes
                0x00000627       0x34 C:/ST/STM32CubeIDE_1.10.0/STM32CubeIDE/plugins/com.st.stm32cube.ide.mcu.externaltools.gnu-tools-for-stm32.12.3.rel1.win32_1.0.100.202403111256/tools/bin/../lib/gcc/arm-none-eabi/12.3.1/../../../../arm-none-eabi/lib/thumb/v7e-m+fp/hard\libc_nano.a(libc_a-init.o)
 .ARM.attributes
                0x0000065b       0x34 C:/ST/STM32CubeIDE_1.10.0/STM32CubeIDE/plugins/com.st.stm32cube.ide.mcu.externaltools.gnu-tools-for-stm32.12.3.rel1.win32_1.0.100.202403111256/tools/bin/../lib/gcc/arm-none-eabi/12.3.1/../../../../arm-none-eabi/lib/thumb/v7e-m+fp/hard\libc_nano.a(libc_a-lock.o)
 .ARM.attributes
                0x0000068f       0x34 C:/ST/STM32CubeIDE_1.10.0/STM32CubeIDE/plugins/com.st.stm32cube.ide.mcu.externaltools.gnu-tools-for-stm32.12.3.rel1.win32_1.0.100.202403111256/tools/bin/../lib/gcc/arm-none-eabi/12.3.1/../../../../arm-none-eabi/lib/thumb/v7e-m+fp/hard\libc_nano.a(libc_a-memcpy-stub.o)
 .ARM.attributes
                0x000006c3       0x34 C:/ST/STM32CubeIDE_1.10.0/STM32CubeIDE/plugins/com.st.stm32cube.ide.mcu.externaltools.gnu-tools-for-stm32.12.3.rel1.win32_1.0.100.202403111256/tools/bin/../lib/gcc/arm-none-eabi/12.3.1/../../../../arm-none-eabi/lib/thumb/v7e-m+fp/hard\libc_nano.a(libc_a-freer.o)
 .ARM.attributes
                0x000006f7       0x34 C:/ST/STM32CubeIDE_1.10.0/STM32CubeIDE/plugins/com.st.stm32cube.ide.mcu.externaltools.gnu-tools-for-stm32.12.3.rel1.win32_1.0.100.202403111256/tools/bin/../lib/gcc/arm-none-eabi/12.3.1/../../../../arm-none-eabi/lib/thumb/v7e-m+fp/hard\libc_nano.a(libc_a-nano-svfprintf.o)
 .ARM.attributes
                0x0000072b       0x34 C:/ST/STM32CubeIDE_1.10.0/STM32CubeIDE/plugins/com.st.stm32cube.ide.mcu.externaltools.gnu-tools-for-stm32.12.3.rel1.win32_1.0.100.202403111256/tools/bin/../lib/gcc/arm-none-eabi/12.3.1/../../../../arm-none-eabi/lib/thumb/v7e-m+fp/hard\libc_nano.a(libc_a-nano-vfprintf_i.o)
 .ARM.attributes
                0x0000075f       0x34 C:/ST/STM32CubeIDE_1.10.0/STM32CubeIDE/plugins/com.st.stm32cube.ide.mcu.externaltools.gnu-tools-for-stm32.12.3.rel1.win32_1.0.100.202403111256/tools/bin/../lib/gcc/arm-none-eabi/12.3.1/../../../../arm-none-eabi/lib/thumb/v7e-m+fp/hard\libc_nano.a(libc_a-memmove.o)
 .ARM.attributes
                0x00000793       0x1c C:/ST/STM32CubeIDE_1.10.0/STM32CubeIDE/plugins/com.st.stm32cube.ide.mcu.externaltools.gnu-tools-for-stm32.12.3.rel1.win32_1.0.100.202403111256/tools/bin/../lib/gcc/arm-none-eabi/12.3.1/../../../../arm-none-eabi/lib/thumb/v7e-m+fp/hard\libc_nano.a(libc_a-memchr.o)
 .ARM.attributes
                0x000007af       0x34 C:/ST/STM32CubeIDE_1.10.0/STM32CubeIDE/plugins/com.st.stm32cube.ide.mcu.externaltools.gnu-tools-for-stm32.12.3.rel1.win32_1.0.100.202403111256/tools/bin/../lib/gcc/arm-none-eabi/12.3.1/../../../../arm-none-eabi/lib/thumb/v7e-m+fp/hard\libc_nano.a(libc_a-reallocr.o)
 .ARM.attributes
                0x000007e3       0x34 C:/ST/STM32CubeIDE_1.10.0/STM32CubeIDE/plugins/com.st.stm32cube.ide.mcu.externaltools.gnu-tools-for-stm32.12.3.rel1.win32_1.0.100.202403111256/tools/bin/../lib/gcc/arm-none-eabi/12.3.1/../../../../arm-none-eabi/lib/thumb/v7e-m+fp/hard\libc_nano.a(libc_a-msizer.o)
 .ARM.attributes
                0x00000817       0x22 C:/ST/STM32CubeIDE_1.10.0/STM32CubeIDE/plugins/com.st.stm32cube.ide.mcu.externaltools.gnu-tools-for-stm32.12.3.rel1.win32_1.0.100.202403111256/tools/bin/../lib/gcc/arm-none-eabi/12.3.1/thumb/v7e-m+fp/hard\libgcc.a(_aeabi_uldivmod.o)
 .ARM.attributes
                0x00000839       0x34 C:/ST/STM32CubeIDE_1.10.0/STM32CubeIDE/plugins/com.st.stm32cube.ide.mcu.externaltools.gnu-tools-for-stm32.12.3.rel1.win32_1.0.100.202403111256/tools/bin/../lib/gcc/arm-none-eabi/12.3.1/thumb/v7e-m+fp/hard\libgcc.a(_udivmoddi4.o)
 .ARM.attributes
                0x0000086d       0x22 C:/ST/STM32CubeIDE_1.10.0/STM32CubeIDE/plugins/com.st.stm32cube.ide.mcu.externaltools.gnu-tools-for-stm32.12.3.rel1.win32_1.0.100.202403111256/tools/bin/../lib/gcc/arm-none-eabi/12.3.1/thumb/v7e-m+fp/hard\libgcc.a(_dvmd_tls.o)
 .ARM.attributes
                0x0000088f       0x22 C:/ST/STM32CubeIDE_1.10.0/STM32CubeIDE/plugins/com.st.stm32cube.ide.mcu.externaltools.gnu-tools-for-stm32.12.3.rel1.win32_1.0.100.202403111256/tools/bin/../lib/gcc/arm-none-eabi/12.3.1/thumb/v7e-m+fp/hard/crtn.o
OUTPUT(prem.elf elf32-littlearm)
LOAD linker stubs
LOAD C:/ST/STM32CubeIDE_1.10.0/STM32CubeIDE/plugins/com.st.stm32cube.ide.mcu.externaltools.gnu-tools-for-stm32.12.3.rel1.win32_1.0.100.202403111256/tools/bin/../lib/gcc/arm-none-eabi/12.3.1/../../../../arm-none-eabi/lib/thumb/v7e-m+fp/hard\libc.a
LOAD C:/ST/STM32CubeIDE_1.10.0/STM32CubeIDE/plugins/com.st.stm32cube.ide.mcu.externaltools.gnu-tools-for-stm32.12.3.rel1.win32_1.0.100.202403111256/tools/bin/../lib/gcc/arm-none-eabi/12.3.1/../../../../arm-none-eabi/lib/thumb/v7e-m+fp/hard\libm.a
LOAD C:/ST/STM32CubeIDE_1.10.0/STM32CubeIDE/plugins/com.st.stm32cube.ide.mcu.externaltools.gnu-tools-for-stm32.12.3.rel1.win32_1.0.100.202403111256/tools/bin/../lib/gcc/arm-none-eabi/12.3.1/thumb/v7e-m+fp/hard\libgcc.a

.debug_info     0x00000000     0xba9f
 .debug_info    0x00000000      0x9c1 ./Core/Src/Functions.o
 .debug_info    0x000009c1     0x1574 ./Core/Src/main.o
 .debug_info    0x00001f35      0xfe0 ./Core/Src/stm32f4xx_hal_msp.o
 .debug_info    0x00002f15      0x9a5 ./Core/Src/stm32f4xx_it.o
 .debug_info    0x000038ba      0x168 ./Core/Src/sysmem.o
 .debug_info    0x00003a22      0x52e ./Core/Src/system_stm32f4xx.o
 .debug_info    0x00003f50       0x30 ./Core/Startup/startup_stm32f427vitx.o
 .debug_info    0x00003f80      0x9ae ./Drivers/STM32F4xx_HAL_Driver/Src/stm32f4xx_hal.o
 .debug_info    0x0000492e      0xdb6 ./Drivers/STM32F4xx_HAL_Driver/Src/stm32f4xx_hal_cortex.o
 .debug_info    0x000056e4      0x8e7 ./Drivers/STM32F4xx_HAL_Driver/Src/stm32f4xx_hal_dma.o
 .debug_info    0x00005fcb      0x6db ./Drivers/STM32F4xx_HAL_Driver/Src/stm32f4xx_hal_gpio.o
 .debug_info    0x000066a6      0x6be ./Drivers/STM32F4xx_HAL_Driver/Src/stm32f4xx_hal_pwr_ex.o
 .debug_info    0x00006d64      0x8c7 ./Drivers/STM32F4xx_HAL_Driver/Src/stm32f4xx_hal_rcc.o
 .debug_info    0x0000762b     0x1525 ./Drivers/STM32F4xx_HAL_Driver/Src/stm32f4xx_hal_spi.o
 .debug_info    0x00008b50     0x2f4f ./Drivers/STM32F4xx_HAL_Driver/Src/stm32f4xx_hal_uart.o

.debug_abbrev   0x00000000     0x1f46
 .debug_abbrev  0x00000000      0x283 ./Core/Src/Functions.o
 .debug_abbrev  0x00000283      0x363 ./Core/Src/main.o
 .debug_abbrev  0x000005e6      0x24d ./Core/Src/stm32f4xx_hal_msp.o
 .debug_abbrev  0x00000833      0x1a2 ./Core/Src/stm32f4xx_it.o
 .debug_abbrev  0x000009d5       0xbc ./Core/Src/sysmem.o
 .debug_abbrev  0x00000a91      0x11a ./Core/Src/system_stm32f4xx.o
 .debug_abbrev  0x00000bab       0x24 ./Core/Startup/startup_stm32f427vitx.o
 .debug_abbrev  0x00000bcf      0x214 ./Drivers/STM32F4xx_HAL_Driver/Src/stm32f4xx_hal.o
 .debug_abbrev  0x00000de3      0x31d ./Drivers/STM32F4xx_HAL_Driver/Src/stm32f4xx_hal_cortex.o
 .debug_abbrev  0x00001100      0x264 ./Drivers/STM32F4xx_HAL_Driver/Src/stm32f4xx_hal_dma.o
 .debug_abbrev  0x00001364      0x1d4 ./Drivers/STM32F4xx_HAL_Driver/Src/stm32f4xx_hal_gpio.o
 .debug_abbrev  0x00001538      0x1cf ./Drivers/STM32F4xx_HAL_Driver/Src/stm32f4xx_hal_pwr_ex.o
 .debug_abbrev  0x00001707      0x2b7 ./Drivers/STM32F4xx_HAL_Driver/Src/stm32f4xx_hal_rcc.o
 .debug_abbrev  0x000019be      0x27a ./Drivers/STM32F4xx_HAL_Driver/Src/stm32f4xx_hal_spi.o
 .debug_abbrev  0x00001c38      0x30e ./Drivers/STM32F4xx_HAL_Driver/Src/stm32f4xx_hal_uart.o

.debug_aranges  0x00000000      0xa30
 .debug_aranges
                0x00000000       0x60 ./Core/Src/Functions.o
 .debug_aranges
                0x00000060       0xa0 ./Core/Src/main.o
 .debug_aranges
                0x00000100       0x40 ./Core/Src/stm32f4xx_hal_msp.o
 .debug_aranges
                0x00000140       0xa8 ./Core/Src/stm32f4xx_it.o
 .debug_aranges
                0x000001e8       0x20 ./Core/Src/sysmem.o
 .debug_aranges
                0x00000208       0x28 ./Core/Src/system_stm32f4xx.o
 .debug_aranges
                0x00000230       0x28 ./Core/Startup/startup_stm32f427vitx.o
 .debug_aranges
                0x00000258      0x100 ./Drivers/STM32F4xx_HAL_Driver/Src/stm32f4xx_hal.o
 .debug_aranges
                0x00000358      0x130 ./Drivers/STM32F4xx_HAL_Driver/Src/stm32f4xx_hal_cortex.o
 .debug_aranges
                0x00000488       0x90 ./Drivers/STM32F4xx_HAL_Driver/Src/stm32f4xx_hal_dma.o
 .debug_aranges
                0x00000518       0x58 ./Drivers/STM32F4xx_HAL_Driver/Src/stm32f4xx_hal_gpio.o
 .debug_aranges
                0x00000570       0x60 ./Drivers/STM32F4xx_HAL_Driver/Src/stm32f4xx_hal_pwr_ex.o
 .debug_aranges
                0x000005d0       0x88 ./Drivers/STM32F4xx_HAL_Driver/Src/stm32f4xx_hal_rcc.o
 .debug_aranges
                0x00000658      0x1d0 ./Drivers/STM32F4xx_HAL_Driver/Src/stm32f4xx_hal_spi.o
 .debug_aranges
                0x00000828      0x208 ./Drivers/STM32F4xx_HAL_Driver/Src/stm32f4xx_hal_uart.o

.debug_rnglists
                0x00000000      0x7cd
 .debug_rnglists
                0x00000000       0x45 ./Core/Src/Functions.o
 .debug_rnglists
                0x00000045       0x79 ./Core/Src/main.o
 .debug_rnglists
                0x000000be       0x2e ./Core/Src/stm32f4xx_hal_msp.o
 .debug_rnglists
                0x000000ec       0x79 ./Core/Src/stm32f4xx_it.o
 .debug_rnglists
                0x00000165       0x13 ./Core/Src/sysmem.o
 .debug_rnglists
                0x00000178       0x1a ./Core/Src/system_stm32f4xx.o
 .debug_rnglists
                0x00000192       0x19 ./Core/Startup/startup_stm32f427vitx.o
 .debug_rnglists
                0x000001ab       0xbb ./Drivers/STM32F4xx_HAL_Driver/Src/stm32f4xx_hal.o
 .debug_rnglists
                0x00000266       0xe0 ./Drivers/STM32F4xx_HAL_Driver/Src/stm32f4xx_hal_cortex.o
 .debug_rnglists
                0x00000346       0x70 ./Drivers/STM32F4xx_HAL_Driver/Src/stm32f4xx_hal_dma.o
 .debug_rnglists
                0x000003b6       0x3f ./Drivers/STM32F4xx_HAL_Driver/Src/stm32f4xx_hal_gpio.o
 .debug_rnglists
                0x000003f5       0x47 ./Drivers/STM32F4xx_HAL_Driver/Src/stm32f4xx_hal_pwr_ex.o
 .debug_rnglists
                0x0000043c       0x66 ./Drivers/STM32F4xx_HAL_Driver/Src/stm32f4xx_hal_rcc.o
 .debug_rnglists
                0x000004a2      0x16f ./Drivers/STM32F4xx_HAL_Driver/Src/stm32f4xx_hal_spi.o
 .debug_rnglists
                0x00000611      0x1bc ./Drivers/STM32F4xx_HAL_Driver/Src/stm32f4xx_hal_uart.o

.debug_macro    0x00000000    0x22d71
 .debug_macro   0x00000000      0x339 ./Core/Src/Functions.o
 .debug_macro   0x00000339      0xab4 ./Core/Src/Functions.o
 .debug_macro   0x00000ded      0x29b ./Core/Src/Functions.o
 .debug_macro   0x00001088       0x2e ./Core/Src/Functions.o
 .debug_macro   0x000010b6       0x28 ./Core/Src/Functions.o
 .debug_macro   0x000010de       0x22 ./Core/Src/Functions.o
 .debug_macro   0x00001100       0x8e ./Core/Src/Functions.o
 .debug_macro   0x0000118e       0x51 ./Core/Src/Functions.o
 .debug_macro   0x000011df      0x103 ./Core/Src/Functions.o
 .debug_macro   0x000012e2       0x6a ./Core/Src/Functions.o
 .debug_macro   0x0000134c      0x1df ./Core/Src/Functions.o
 .debug_macro   0x0000152b       0x1c ./Core/Src/Functions.o
 .debug_macro   0x00001547       0x22 ./Core/Src/Functions.o
 .debug_macro   0x00001569       0xfb ./Core/Src/Functions.o
 .debug_macro   0x00001664     0x1011 ./Core/Src/Functions.o
 .debug_macro   0x00002675      0x11f ./Core/Src/Functions.o
 .debug_macro   0x00002794    0x178b5 ./Core/Src/Functions.o
 .debug_macro   0x0001a049       0x6d ./Core/Src/Functions.o
 .debug_macro   0x0001a0b6     0x3711 ./Core/Src/Functions.o
 .debug_macro   0x0001d7c7      0x189 ./Core/Src/Functions.o
 .debug_macro   0x0001d950       0x5c ./Core/Src/Functions.o
 .debug_macro   0x0001d9ac      0xc82 ./Core/Src/Functions.o
 .debug_macro   0x0001e62e      0x9e9 ./Core/Src/Functions.o
 .debug_macro   0x0001f017      0x115 ./Core/Src/Functions.o
 .debug_macro   0x0001f12c      0x16f ./Core/Src/Functions.o
 .debug_macro   0x0001f29b       0xa5 ./Core/Src/Functions.o
 .debug_macro   0x0001f340      0x182 ./Core/Src/Functions.o
 .debug_macro   0x0001f4c2      0x287 ./Core/Src/Functions.o
 .debug_macro   0x0001f749       0x5f ./Core/Src/Functions.o
 .debug_macro   0x0001f7a8      0x236 ./Core/Src/Functions.o
 .debug_macro   0x0001f9de      0x132 ./Core/Src/Functions.o
 .debug_macro   0x0001fb10      0x41d ./Core/Src/Functions.o
 .debug_macro   0x0001ff2d       0x2e ./Core/Src/Functions.o
 .debug_macro   0x0001ff5b      0x127 ./Core/Src/Functions.o
 .debug_macro   0x00020082       0xe2 ./Core/Src/Functions.o
 .debug_macro   0x00020164       0x89 ./Core/Src/Functions.o
 .debug_macro   0x000201ed      0x225 ./Core/Src/Functions.o
 .debug_macro   0x00020412      0x2aa ./Core/Src/Functions.o
 .debug_macro   0x000206bc      0x134 ./Core/Src/Functions.o
 .debug_macro   0x000207f0       0x10 ./Core/Src/Functions.o
 .debug_macro   0x00020800       0x34 ./Core/Src/Functions.o
 .debug_macro   0x00020834       0x61 ./Core/Src/Functions.o
 .debug_macro   0x00020895       0x2a ./Core/Src/Functions.o
 .debug_macro   0x000208bf       0x43 ./Core/Src/Functions.o
 .debug_macro   0x00020902       0x34 ./Core/Src/Functions.o
 .debug_macro   0x00020936       0x16 ./Core/Src/Functions.o
 .debug_macro   0x0002094c       0x43 ./Core/Src/Functions.o
 .debug_macro   0x0002098f       0x34 ./Core/Src/Functions.o
 .debug_macro   0x000209c3       0x10 ./Core/Src/Functions.o
 .debug_macro   0x000209d3       0x58 ./Core/Src/Functions.o
 .debug_macro   0x00020a2b       0x8e ./Core/Src/Functions.o
 .debug_macro   0x00020ab9       0x1c ./Core/Src/Functions.o
 .debug_macro   0x00020ad5      0x177 ./Core/Src/Functions.o
 .debug_macro   0x00020c4c      0x369 ./Core/Src/Functions.o
 .debug_macro   0x00020fb5       0x10 ./Core/Src/Functions.o
 .debug_macro   0x00020fc5       0x35 ./Core/Src/Functions.o
 .debug_macro   0x00020ffa       0x20 ./Core/Src/Functions.o
 .debug_macro   0x0002101a       0x58 ./Core/Src/Functions.o
 .debug_macro   0x00021072       0x16 ./Core/Src/Functions.o
 .debug_macro   0x00021088       0x16 ./Core/Src/Functions.o
 .debug_macro   0x0002109e       0x29 ./Core/Src/Functions.o
 .debug_macro   0x000210c7      0x19b ./Core/Src/Functions.o
 .debug_macro   0x00021262       0x1c ./Core/Src/Functions.o
 .debug_macro   0x0002127e       0x1c ./Core/Src/Functions.o
 .debug_macro   0x0002129a       0x16 ./Core/Src/Functions.o
 .debug_macro   0x000212b0      0x146 ./Core/Src/Functions.o
 .debug_macro   0x000213f6      0x1f4 ./Core/Src/main.o
 .debug_macro   0x000215ea      0x1d3 ./Core/Src/stm32f4xx_hal_msp.o
 .debug_macro   0x000217bd      0x1dd ./Core/Src/stm32f4xx_it.o
 .debug_macro   0x0002199a       0xff ./Core/Src/sysmem.o
 .debug_macro   0x00021a99      0x23c ./Core/Src/sysmem.o
 .debug_macro   0x00021cd5      0x1c4 ./Core/Src/system_stm32f4xx.o
 .debug_macro   0x00021e99      0x224 ./Drivers/STM32F4xx_HAL_Driver/Src/stm32f4xx_hal.o
 .debug_macro   0x000220bd      0x1c4 ./Drivers/STM32F4xx_HAL_Driver/Src/stm32f4xx_hal_cortex.o
 .debug_macro   0x00022281      0x1ca ./Drivers/STM32F4xx_HAL_Driver/Src/stm32f4xx_hal_dma.o
 .debug_macro   0x0002244b      0x1ca ./Drivers/STM32F4xx_HAL_Driver/Src/stm32f4xx_hal_gpio.o
 .debug_macro   0x00022615      0x1dc ./Drivers/STM32F4xx_HAL_Driver/Src/stm32f4xx_hal_pwr_ex.o
 .debug_macro   0x000227f1      0x1e8 ./Drivers/STM32F4xx_HAL_Driver/Src/stm32f4xx_hal_rcc.o
 .debug_macro   0x000229d9      0x1d3 ./Drivers/STM32F4xx_HAL_Driver/Src/stm32f4xx_hal_spi.o
 .debug_macro   0x00022bac      0x1c5 ./Drivers/STM32F4xx_HAL_Driver/Src/stm32f4xx_hal_uart.o

.debug_line     0x00000000     0xc4ca
 .debug_line    0x00000000      0xa5c ./Core/Src/Functions.o
 .debug_line    0x00000a5c      0xabe ./Core/Src/main.o
 .debug_line    0x0000151a      0x92b ./Core/Src/stm32f4xx_hal_msp.o
 .debug_line    0x00001e45      0x8cf ./Core/Src/stm32f4xx_it.o
 .debug_line    0x00002714      0x583 ./Core/Src/sysmem.o
 .debug_line    0x00002c97      0x7b9 ./Core/Src/system_stm32f4xx.o
 .debug_line    0x00003450       0x7a ./Core/Startup/startup_stm32f427vitx.o
 .debug_line    0x000034ca      0xa58 ./Drivers/STM32F4xx_HAL_Driver/Src/stm32f4xx_hal.o
 .debug_line    0x00003f22      0xd14 ./Drivers/STM32F4xx_HAL_Driver/Src/stm32f4xx_hal_cortex.o
 .debug_line    0x00004c36      0xf92 ./Drivers/STM32F4xx_HAL_Driver/Src/stm32f4xx_hal_dma.o
 .debug_line    0x00005bc8      0xbd6 ./Drivers/STM32F4xx_HAL_Driver/Src/stm32f4xx_hal_gpio.o
 .debug_line    0x0000679e      0x94b ./Drivers/STM32F4xx_HAL_Driver/Src/stm32f4xx_hal_pwr_ex.o
 .debug_line    0x000070e9      0xdad ./Drivers/STM32F4xx_HAL_Driver/Src/stm32f4xx_hal_rcc.o
 .debug_line    0x00007e96     0x1d40 ./Drivers/STM32F4xx_HAL_Driver/Src/stm32f4xx_hal_spi.o
 .debug_line    0x00009bd6     0x28f4 ./Drivers/STM32F4xx_HAL_Driver/Src/stm32f4xx_hal_uart.o

.debug_str      0x00000000    0xd2094
 .debug_str     0x00000000    0xcf090 ./Core/Src/Functions.o
                              0xcf40b (size before relaxing)
 .debug_str     0x000cf090      0xb99 ./Core/Src/main.o
                              0xcbe0e (size before relaxing)
 .debug_str     0x000cfc29       0xb7 ./Core/Src/stm32f4xx_hal_msp.o
                              0xcb97d (size before relaxing)
 .debug_str     0x000cfce0      0x1b9 ./Core/Src/stm32f4xx_it.o
                              0xcb35c (size before relaxing)
 .debug_str     0x000cfe99      0x4dc ./Core/Src/sysmem.o
                               0x60c9 (size before relaxing)
 .debug_str     0x000d0375       0xdb ./Core/Src/system_stm32f4xx.o
                              0xcad1a (size before relaxing)
 .debug_str     0x000d0450       0x44 ./Core/Startup/startup_stm32f427vitx.o
                                 0x7c (size before relaxing)
 .debug_str     0x000d0494      0x63e ./Drivers/STM32F4xx_HAL_Driver/Src/stm32f4xx_hal.o
                              0xcb926 (size before relaxing)
 .debug_str     0x000d0ad2      0x36b ./Drivers/STM32F4xx_HAL_Driver/Src/stm32f4xx_hal_cortex.o
                              0xcb654 (size before relaxing)
 .debug_str     0x000d0e3d      0x2eb ./Drivers/STM32F4xx_HAL_Driver/Src/stm32f4xx_hal_dma.o
                              0xcb121 (size before relaxing)
 .debug_str     0x000d1128      0x11c ./Drivers/STM32F4xx_HAL_Driver/Src/stm32f4xx_hal_gpio.o
                              0xcae95 (size before relaxing)
 .debug_str     0x000d1244      0x135 ./Drivers/STM32F4xx_HAL_Driver/Src/stm32f4xx_hal_pwr_ex.o
                              0xcaef2 (size before relaxing)
 .debug_str     0x000d1379      0x233 ./Drivers/STM32F4xx_HAL_Driver/Src/stm32f4xx_hal_rcc.o
                              0xcb14e (size before relaxing)
 .debug_str     0x000d15ac      0x554 ./Drivers/STM32F4xx_HAL_Driver/Src/stm32f4xx_hal_spi.o
                              0xcb5c5 (size before relaxing)
 .debug_str     0x000d1b00      0x594 ./Drivers/STM32F4xx_HAL_Driver/Src/stm32f4xx_hal_uart.o
                              0xcb71c (size before relaxing)

.comment        0x00000000       0x43
 .comment       0x00000000       0x43 ./Core/Src/Functions.o
                                 0x44 (size before relaxing)
 .comment       0x00000043       0x44 ./Core/Src/main.o
 .comment       0x00000043       0x44 ./Core/Src/stm32f4xx_hal_msp.o
 .comment       0x00000043       0x44 ./Core/Src/stm32f4xx_it.o
 .comment       0x00000043       0x44 ./Core/Src/sysmem.o
 .comment       0x00000043       0x44 ./Core/Src/system_stm32f4xx.o
 .comment       0x00000043       0x44 ./Drivers/STM32F4xx_HAL_Driver/Src/stm32f4xx_hal.o
 .comment       0x00000043       0x44 ./Drivers/STM32F4xx_HAL_Driver/Src/stm32f4xx_hal_cortex.o
 .comment       0x00000043       0x44 ./Drivers/STM32F4xx_HAL_Driver/Src/stm32f4xx_hal_dma.o
 .comment       0x00000043       0x44 ./Drivers/STM32F4xx_HAL_Driver/Src/stm32f4xx_hal_gpio.o
 .comment       0x00000043       0x44 ./Drivers/STM32F4xx_HAL_Driver/Src/stm32f4xx_hal_pwr_ex.o
 .comment       0x00000043       0x44 ./Drivers/STM32F4xx_HAL_Driver/Src/stm32f4xx_hal_rcc.o
 .comment       0x00000043       0x44 ./Drivers/STM32F4xx_HAL_Driver/Src/stm32f4xx_hal_spi.o
 .comment       0x00000043       0x44 ./Drivers/STM32F4xx_HAL_Driver/Src/stm32f4xx_hal_uart.o

.debug_frame    0x00000000     0x2ecc
 .debug_frame   0x00000000      0x13c ./Core/Src/Functions.o
 .debug_frame   0x0000013c      0x230 ./Core/Src/main.o
 .debug_frame   0x0000036c       0xcc ./Core/Src/stm32f4xx_hal_msp.o
 .debug_frame   0x00000438      0x200 ./Core/Src/stm32f4xx_it.o
 .debug_frame   0x00000638       0x34 ./Core/Src/sysmem.o
 .debug_frame   0x0000066c       0x58 ./Core/Src/system_stm32f4xx.o
 .debug_frame   0x000006c4      0x3b4 ./Drivers/STM32F4xx_HAL_Driver/Src/stm32f4xx_hal.o
 .debug_frame   0x00000a78      0x508 ./Drivers/STM32F4xx_HAL_Driver/Src/stm32f4xx_hal_cortex.o
 .debug_frame   0x00000f80      0x250 ./Drivers/STM32F4xx_HAL_Driver/Src/stm32f4xx_hal_dma.o
 .debug_frame   0x000011d0      0x14c ./Drivers/STM32F4xx_HAL_Driver/Src/stm32f4xx_hal_gpio.o
 .debug_frame   0x0000131c      0x14c ./Drivers/STM32F4xx_HAL_Driver/Src/stm32f4xx_hal_pwr_ex.o
 .debug_frame   0x00001468      0x1f4 ./Drivers/STM32F4xx_HAL_Driver/Src/stm32f4xx_hal_rcc.o
 .debug_frame   0x0000165c      0x828 ./Drivers/STM32F4xx_HAL_Driver/Src/stm32f4xx_hal_spi.o
 .debug_frame   0x00001e84      0x954 ./Drivers/STM32F4xx_HAL_Driver/Src/stm32f4xx_hal_uart.o
 .debug_frame   0x000027d8       0x30 C:/ST/STM32CubeIDE_1.10.0/STM32CubeIDE/plugins/com.st.stm32cube.ide.mcu.externaltools.gnu-tools-for-stm32.12.3.rel1.win32_1.0.100.202403111256/tools/bin/../lib/gcc/arm-none-eabi/12.3.1/../../../../arm-none-eabi/lib/thumb/v7e-m+fp/hard\libc_nano.a(libc_a-atoi.o)
 .debug_frame   0x00002808       0x30 C:/ST/STM32CubeIDE_1.10.0/STM32CubeIDE/plugins/com.st.stm32cube.ide.mcu.externaltools.gnu-tools-for-stm32.12.3.rel1.win32_1.0.100.202403111256/tools/bin/../lib/gcc/arm-none-eabi/12.3.1/../../../../arm-none-eabi/lib/thumb/v7e-m+fp/hard\libc_nano.a(libc_a-malloc.o)
 .debug_frame   0x00002838       0x50 C:/ST/STM32CubeIDE_1.10.0/STM32CubeIDE/plugins/com.st.stm32cube.ide.mcu.externaltools.gnu-tools-for-stm32.12.3.rel1.win32_1.0.100.202403111256/tools/bin/../lib/gcc/arm-none-eabi/12.3.1/../../../../arm-none-eabi/lib/thumb/v7e-m+fp/hard\libc_nano.a(libc_a-mallocr.o)
 .debug_frame   0x00002888       0x30 C:/ST/STM32CubeIDE_1.10.0/STM32CubeIDE/plugins/com.st.stm32cube.ide.mcu.externaltools.gnu-tools-for-stm32.12.3.rel1.win32_1.0.100.202403111256/tools/bin/../lib/gcc/arm-none-eabi/12.3.1/../../../../arm-none-eabi/lib/thumb/v7e-m+fp/hard\libc_nano.a(libc_a-mlock.o)
 .debug_frame   0x000028b8       0x64 C:/ST/STM32CubeIDE_1.10.0/STM32CubeIDE/plugins/com.st.stm32cube.ide.mcu.externaltools.gnu-tools-for-stm32.12.3.rel1.win32_1.0.100.202403111256/tools/bin/../lib/gcc/arm-none-eabi/12.3.1/../../../../arm-none-eabi/lib/thumb/v7e-m+fp/hard\libc_nano.a(libc_a-strtol.o)
 .debug_frame   0x0000291c      0x144 C:/ST/STM32CubeIDE_1.10.0/STM32CubeIDE/plugins/com.st.stm32cube.ide.mcu.externaltools.gnu-tools-for-stm32.12.3.rel1.win32_1.0.100.202403111256/tools/bin/../lib/gcc/arm-none-eabi/12.3.1/../../../../arm-none-eabi/lib/thumb/v7e-m+fp/hard\libc_nano.a(libc_a-findfp.o)
 .debug_frame   0x00002a60       0x6c C:/ST/STM32CubeIDE_1.10.0/STM32CubeIDE/plugins/com.st.stm32cube.ide.mcu.externaltools.gnu-tools-for-stm32.12.3.rel1.win32_1.0.100.202403111256/tools/bin/../lib/gcc/arm-none-eabi/12.3.1/../../../../arm-none-eabi/lib/thumb/v7e-m+fp/hard\libc_nano.a(libc_a-sprintf.o)
 .debug_frame   0x00002acc       0x4c C:/ST/STM32CubeIDE_1.10.0/STM32CubeIDE/plugins/com.st.stm32cube.ide.mcu.externaltools.gnu-tools-for-stm32.12.3.rel1.win32_1.0.100.202403111256/tools/bin/../lib/gcc/arm-none-eabi/12.3.1/../../../../arm-none-eabi/lib/thumb/v7e-m+fp/hard\libc_nano.a(libc_a-vsnprintf.o)
 .debug_frame   0x00002b18       0x20 C:/ST/STM32CubeIDE_1.10.0/STM32CubeIDE/plugins/com.st.stm32cube.ide.mcu.externaltools.gnu-tools-for-stm32.12.3.rel1.win32_1.0.100.202403111256/tools/bin/../lib/gcc/arm-none-eabi/12.3.1/../../../../arm-none-eabi/lib/thumb/v7e-m+fp/hard\libc_nano.a(libc_a-memset.o)
 .debug_frame   0x00002b38       0x38 C:/ST/STM32CubeIDE_1.10.0/STM32CubeIDE/plugins/com.st.stm32cube.ide.mcu.externaltools.gnu-tools-for-stm32.12.3.rel1.win32_1.0.100.202403111256/tools/bin/../lib/gcc/arm-none-eabi/12.3.1/../../../../arm-none-eabi/lib/thumb/v7e-m+fp/hard\libc_nano.a(libc_a-reent.o)
 .debug_frame   0x00002b70       0x2c C:/ST/STM32CubeIDE_1.10.0/STM32CubeIDE/plugins/com.st.stm32cube.ide.mcu.externaltools.gnu-tools-for-stm32.12.3.rel1.win32_1.0.100.202403111256/tools/bin/../lib/gcc/arm-none-eabi/12.3.1/../../../../arm-none-eabi/lib/thumb/v7e-m+fp/hard\libc_nano.a(libc_a-sbrkr.o)
 .debug_frame   0x00002b9c       0x20 C:/ST/STM32CubeIDE_1.10.0/STM32CubeIDE/plugins/com.st.stm32cube.ide.mcu.externaltools.gnu-tools-for-stm32.12.3.rel1.win32_1.0.100.202403111256/tools/bin/../lib/gcc/arm-none-eabi/12.3.1/../../../../arm-none-eabi/lib/thumb/v7e-m+fp/hard\libc_nano.a(libc_a-errno.o)
 .debug_frame   0x00002bbc       0x2c C:/ST/STM32CubeIDE_1.10.0/STM32CubeIDE/plugins/com.st.stm32cube.ide.mcu.externaltools.gnu-tools-for-stm32.12.3.rel1.win32_1.0.100.202403111256/tools/bin/../lib/gcc/arm-none-eabi/12.3.1/../../../../arm-none-eabi/lib/thumb/v7e-m+fp/hard\libc_nano.a(libc_a-init.o)
 .debug_frame   0x00002be8       0xb0 C:/ST/STM32CubeIDE_1.10.0/STM32CubeIDE/plugins/com.st.stm32cube.ide.mcu.externaltools.gnu-tools-for-stm32.12.3.rel1.win32_1.0.100.202403111256/tools/bin/../lib/gcc/arm-none-eabi/12.3.1/../../../../arm-none-eabi/lib/thumb/v7e-m+fp/hard\libc_nano.a(libc_a-lock.o)
 .debug_frame   0x00002c98       0x28 C:/ST/STM32CubeIDE_1.10.0/STM32CubeIDE/plugins/com.st.stm32cube.ide.mcu.externaltools.gnu-tools-for-stm32.12.3.rel1.win32_1.0.100.202403111256/tools/bin/../lib/gcc/arm-none-eabi/12.3.1/../../../../arm-none-eabi/lib/thumb/v7e-m+fp/hard\libc_nano.a(libc_a-memcpy-stub.o)
 .debug_frame   0x00002cc0       0x38 C:/ST/STM32CubeIDE_1.10.0/STM32CubeIDE/plugins/com.st.stm32cube.ide.mcu.externaltools.gnu-tools-for-stm32.12.3.rel1.win32_1.0.100.202403111256/tools/bin/../lib/gcc/arm-none-eabi/12.3.1/../../../../arm-none-eabi/lib/thumb/v7e-m+fp/hard\libc_nano.a(libc_a-freer.o)
 .debug_frame   0x00002cf8       0x90 C:/ST/STM32CubeIDE_1.10.0/STM32CubeIDE/plugins/com.st.stm32cube.ide.mcu.externaltools.gnu-tools-for-stm32.12.3.rel1.win32_1.0.100.202403111256/tools/bin/../lib/gcc/arm-none-eabi/12.3.1/../../../../arm-none-eabi/lib/thumb/v7e-m+fp/hard\libc_nano.a(libc_a-nano-svfprintf.o)
 .debug_frame   0x00002d88       0x60 C:/ST/STM32CubeIDE_1.10.0/STM32CubeIDE/plugins/com.st.stm32cube.ide.mcu.externaltools.gnu-tools-for-stm32.12.3.rel1.win32_1.0.100.202403111256/tools/bin/../lib/gcc/arm-none-eabi/12.3.1/../../../../arm-none-eabi/lib/thumb/v7e-m+fp/hard\libc_nano.a(libc_a-nano-vfprintf_i.o)
 .debug_frame   0x00002de8       0x28 C:/ST/STM32CubeIDE_1.10.0/STM32CubeIDE/plugins/com.st.stm32cube.ide.mcu.externaltools.gnu-tools-for-stm32.12.3.rel1.win32_1.0.100.202403111256/tools/bin/../lib/gcc/arm-none-eabi/12.3.1/../../../../arm-none-eabi/lib/thumb/v7e-m+fp/hard\libc_nano.a(libc_a-memmove.o)
 .debug_frame   0x00002e10       0x3c C:/ST/STM32CubeIDE_1.10.0/STM32CubeIDE/plugins/com.st.stm32cube.ide.mcu.externaltools.gnu-tools-for-stm32.12.3.rel1.win32_1.0.100.202403111256/tools/bin/../lib/gcc/arm-none-eabi/12.3.1/../../../../arm-none-eabi/lib/thumb/v7e-m+fp/hard\libc_nano.a(libc_a-reallocr.o)
 .debug_frame   0x00002e4c       0x20 C:/ST/STM32CubeIDE_1.10.0/STM32CubeIDE/plugins/com.st.stm32cube.ide.mcu.externaltools.gnu-tools-for-stm32.12.3.rel1.win32_1.0.100.202403111256/tools/bin/../lib/gcc/arm-none-eabi/12.3.1/../../../../arm-none-eabi/lib/thumb/v7e-m+fp/hard\libc_nano.a(libc_a-msizer.o)
 .debug_frame   0x00002e6c       0x2c C:/ST/STM32CubeIDE_1.10.0/STM32CubeIDE/plugins/com.st.stm32cube.ide.mcu.externaltools.gnu-tools-for-stm32.12.3.rel1.win32_1.0.100.202403111256/tools/bin/../lib/gcc/arm-none-eabi/12.3.1/thumb/v7e-m+fp/hard\libgcc.a(_aeabi_uldivmod.o)
 .debug_frame   0x00002e98       0x34 C:/ST/STM32CubeIDE_1.10.0/STM32CubeIDE/plugins/com.st.stm32cube.ide.mcu.externaltools.gnu-tools-for-stm32.12.3.rel1.win32_1.0.100.202403111256/tools/bin/../lib/gcc/arm-none-eabi/12.3.1/thumb/v7e-m+fp/hard\libgcc.a(_udivmoddi4.o)

.debug_line_str
                0x00000000       0x60
 .debug_line_str
                0x00000000       0x60 ./Core/Startup/startup_stm32f427vitx.o
