../Core/Src/littlefs_driver.c:16:6:read_file_from_littlefs	120	static
../Core/Src/littlefs_driver.c:67:6:HAL_SPI_TxCpltCallback	16	static
../Core/Src/littlefs_driver.c:71:6:HAL_SPI_RxCpltCallback	16	static
../Core/Src/littlefs_driver.c:75:6:nor_delay_us	16	static
../Core/Src/littlefs_driver.c:79:6:nor_cs_assert	8	static
../Core/Src/littlefs_driver.c:83:6:nor_cs_deassert	8	static
../Core/Src/littlefs_driver.c:87:6:nor_spi_tx	16	static
../Core/Src/littlefs_driver.c:93:6:nor_spi_rx	16	static
../Core/Src/littlefs_driver.c:99:6:__init_nor	8	static
../Core/Src/littlefs_driver.c:113:5:_fs_read	32	static
../Core/Src/littlefs_driver.c:123:5:_fs_write	32	static
../Core/Src/littlefs_driver.c:133:5:_fs_erase	16	static
../Core/Src/littlefs_driver.c:141:5:_fs_sync	16	static
../Core/Src/littlefs_driver.c:146:6:list_files	440	static
../Core/Src/littlefs_driver.c:184:6:__init_littefs	16	static
../Core/Src/littlefs_driver.c:240:5:count_files_in_directory	344	static
../Core/Src/littlefs_driver.c:277:6:list_directories_with_file_count	1104	static
../Core/Src/littlefs_driver.c:323:6:list_files_with_size	1112	static
../Core/Src/littlefs_driver.c:367:6:__init_storage	8	static
../Core/Src/littlefs_driver.c:372:6:write_to_file	16	static
