../Core/Src/main.c:88:5:main	8	static
../Core/Src/main.c:223:6:SystemClock_Config	88	static
../Core/Src/main.c:276:13:MX_SPI2_Init	8	static
../Core/Src/main.c:314:13:MX_UART4_Init	8	static
../Core/Src/main.c:347:13:MX_UART8_Init	8	static
../Core/Src/main.c:380:13:MX_USART2_UART_Init	8	static
../Core/Src/main.c:413:13:MX_USART6_UART_Init	8	static
../Core/Src/main.c:444:13:MX_DMA_Init	16	static
../Core/Src/main.c:472:13:MX_GPIO_Init	48	static
../Core/Src/main.c:507:6:Error_Handler	4	static,ignoring_inline_asm
